2026-04-02 18:41:47.344  6910-6910  VRI[MainAc...y]@d2a4ed7 com.pixibeestudio.greenly            I  ViewPostIme pointer 0
2026-04-02 18:41:47.473  6910-6910  VRI[MainAc...y]@d2a4ed7 com.pixibeestudio.greenly            I  ViewPostIme pointer 1
2026-04-02 18:41:47.483  6910-6910  WindowManager           com.pixibeestudio.greenly            I  WindowManagerGlobal#removeView, ty=2, view=com.android.internal.policy.DecorView{fe71e56 V.E...... R......D 0,0-1026,532}[MainActivity], caller=android.view.WindowManagerGlobal.removeView:626 android.view.WindowManagerImpl.removeViewImmediate:216 android.app.Dialog.dismissDialog:808 
2026-04-02 18:41:47.483  6910-6910  WindowOnBackDispatcher  com.pixibeestudio.greenly            W  sendCancelIfRunning: isInProgress=false callback=android.app.Dialog$$ExternalSyntheticLambda4@6cec9e2
2026-04-02 18:41:47.486  6910-6984  HWUI                    com.pixibeestudio.greenly            D  endAllActiveAnimators on 0xb40000783ad0f200 (RippleDrawable) with handle 0xb40000772ac41e00
2026-04-02 18:41:47.486  6910-6910  VRI[MainAc...y]@d2a4ed7 com.pixibeestudio.greenly            I  dispatchDetachedFromWindow
2026-04-02 18:41:47.498  6910-6910  InputTransport          com.pixibeestudio.greenly            D  Input channel destroyed: 'f964f04', fd=153
2026-04-02 18:41:47.500  6910-6910  InsetsSourceConsumer    com.pixibeestudio.greenly            I  applyRequestedVisibilityToControl: visible=true, type=navigationBars, host=com.pixibeestudio.greenly/com.pixibeestudio.greenly.ui.activity.MainActivity
2026-04-02 18:41:47.501  6910-6910  InsetsSourceConsumer    com.pixibeestudio.greenly            I  applyRequestedVisibilityToControl: visible=true, type=statusBars, host=com.pixibeestudio.greenly/com.pixibeestudio.greenly.ui.activity.MainActivity
2026-04-02 18:41:47.539  6910-6910  VRI[MainAc...y]@3beb08b com.pixibeestudio.greenly            D  mThreadedRenderer.initializeIfNeeded()#2 mSurface={isValid=true 0xb40000790abc7cf0}
2026-04-02 18:41:47.540  6910-6910  InputMethodManagerUtils com.pixibeestudio.greenly            D  startInputInner - Id : 0
2026-04-02 18:41:47.541  6910-6910  InputMethodManager      com.pixibeestudio.greenly            I  startInputInner - IInputMethodManagerGlobalInvoker.startInputOrWindowGainedFocus
2026-04-02 18:41:47.544  6910-7352  InputTransport          com.pixibeestudio.greenly            D  Input channel constructed: 'ClientS', fd=151
2026-04-02 18:41:47.647  1760-1866  WindowManager           system_server                        E  win=Window{f964f04 u0 com.pixibeestudio.greenly/com.pixibeestudio.greenly.ui.activity.MainActivity EXITING} destroySurfaces: appStopped=false cleanupOnResume=false win.mWindowRemovalAllowed=true win.mRemoveOnExit=true win.mViewVisibility=0 caller=com.android.server.wm.WindowState.onExitAnimationDone:222 com.android.server.wm.WindowState.onAnimationFinished:161 com.android.server.wm.WindowContainer$$ExternalSyntheticLambda5.onAnimationFinished:26 com.android.server.wm.SurfaceAnimator$$ExternalSyntheticLambda1.run:28 com.android.server.wm.SurfaceAnimator$$ExternalSyntheticLambda0.onAnimationFinished:65 com.android.server.wm.LocalAnimationAdapter$$ExternalSyntheticLambda0.run:10 android.os.Handler.handleCallback:959 
2026-04-02 18:41:47.662  1409-1409  SurfaceFlinger          surfaceflinger                       E  alpha changed 0.146 -> 0.000 - Surface(name=f964f04 com.pixibeestudio.greenly/com.pixibeestudio.greenly.ui.activity.MainActivity)/@0xe85eca5 - animation-leash of window_animation#110530
2026-04-02 18:41:47.862  6910-6910  Toast                   com.pixibeestudio.greenly            I  show: caller = com.pixibeestudio.greenly.ui.fragment.shipper.ShipperPickupFragment.lambda$onViewCreated$2$com-pixibeestudio-greenly-ui-fragment-shipper-ShipperPickupFragment:102 
2026-04-02 18:41:47.863  6910-6910  Toast                   com.pixibeestudio.greenly            I  show: isDexDualMode = false
2026-04-02 18:41:47.863  6910-6910  Toast                   com.pixibeestudio.greenly            I  show: contextDispId = 0 mCustomDisplayId = -1 focusedDisplayId = 0 isActivityContext = true
2026-04-02 18:41:55.423  6910-6910  VRI[MainAc...y]@3beb08b com.pixibeestudio.greenly            I  ViewPostIme pointer 0
2026-04-02 18:41:55.424  6910-6910  VRI[MainAc...y]@3beb08b com.pixibeestudio.greenly            I  call setFrameRateCategory for touch hint category=high hint, reason=touch, vri=VRI[MainActivity]@3beb08b
2026-04-02 18:41:55.477  6910-6910  VRI[MainAc...y]@3beb08b com.pixibeestudio.greenly            I  ViewPostIme pointer 1
2026-04-02 18:41:55.517  6910-6910  ScrollView              com.pixibeestudio.greenly            D  initGoToTop
2026-04-02 18:41:55.529  6910-6910  WindowOnBackDispatcher  com.pixibeestudio.greenly            W  sendCancelIfRunning: isInProgress=false callback=androidx.navigationevent.OnBackInvokedInput$createOnBackAnimationCallback$1@ffad739
2026-04-02 18:41:55.542  6910-6910  ScrollView              com.pixibeestudio.greenly            D   onsize change changed 
2026-04-02 18:41:56.814  6910-6910  VRI[MainAc...y]@3beb08b com.pixibeestudio.greenly            I  ViewPostIme pointer 0
2026-04-02 18:41:56.948  6910-6910  VRI[MainAc...y]@3beb08b com.pixibeestudio.greenly            I  ViewPostIme pointer 1
2026-04-02 18:41:58.489  6910-6910  VRI[MainAc...y]@3beb08b com.pixibeestudio.greenly            I  ViewPostIme pointer 0
2026-04-02 18:41:58.622  6910-6910  VRI[MainAc...y]@3beb08b com.pixibeestudio.greenly            I  ViewPostIme pointer 1
2026-04-02 18:42:01.624  6910-6910  VRI[MainAc...y]@3beb08b com.pixibeestudio.greenly            I  call setFrameRateCategory for touch hint category=no preference, reason=boost timeout, vri=VRI[MainActivity]@3beb08b
2026-04-02 18:42:02.896  6910-6910  VRI[MainAc...y]@3beb08b com.pixibeestudio.greenly            I  ViewPostIme pointer 0
2026-04-02 18:42:02.897  6910-6910  VRI[MainAc...y]@3beb08b com.pixibeestudio.greenly            I  call setFrameRateCategory for touch hint category=high hint, reason=touch, vri=VRI[MainActivity]@3beb08b
2026-04-02 18:42:03.000  6910-6910  VRI[MainAc...y]@3beb08b com.pixibeestudio.greenly            I  ViewPostIme pointer 1
2026-04-02 18:42:04.130  6910-6910  VRI[MainAc...y]@3beb08b com.pixibeestudio.greenly            I  ViewPostIme pointer 0
2026-04-02 18:42:04.247  6910-6910  VRI[MainAc...y]@3beb08b com.pixibeestudio.greenly            I  ViewPostIme pointer 1
2026-04-02 18:42:07.248  6910-6910  VRI[MainAc...y]@3beb08b com.pixibeestudio.greenly            I  call setFrameRateCategory for touch hint category=no preference, reason=boost timeout, vri=VRI[MainActivity]@3beb08b
2026-04-02 18:42:16.364  6910-6910  VRI[MainAc...y]@3beb08b com.pixibeestudio.greenly            I  ViewPostIme pointer 0
2026-04-02 18:42:16.365  6910-6910  VRI[MainAc...y]@3beb08b com.pixibeestudio.greenly            I  call setFrameRateCategory for touch hint category=high hint, reason=touch, vri=VRI[MainActivity]@3beb08b
2026-04-02 18:42:16.417  6910-6910  VRI[MainAc...y]@3beb08b com.pixibeestudio.greenly            I  ViewPostIme pointer 1
2026-04-02 18:42:16.463  6910-6910  View                    com.pixibeestudio.greenly            W  requestLayout() improperly called by com.google.android.material.textview.MaterialTextView{122a8b V.ED..... ......ID 155,41-384,94} during layout: running second layout pass
2026-04-02 18:42:16.463  6910-6910  View                    com.pixibeestudio.greenly            W  requestLayout() improperly called by com.google.android.material.textview.MaterialTextView{334a768 V.ED..... ..S..AID 180,41-359,94} during layout: running second layout pass
2026-04-02 18:42:17.021  6910-6910  VRI[MainAc...y]@3beb08b com.pixibeestudio.greenly            I  ViewPostIme pointer 0
2026-04-02 18:42:17.059  6910-6910  SwipeRefreshLayout      com.pixibeestudio.greenly            E  Got ACTION_MOVE event but don't have an active pointer id.
2026-04-02 18:42:17.075  6910-6910  SwipeRefreshLayout      com.pixibeestudio.greenly            E  Got ACTION_MOVE event but don't have an active pointer id.
2026-04-02 18:42:17.129  6910-6910  VRI[MainAc...y]@3beb08b com.pixibeestudio.greenly            I  ViewPostIme pointer 1
2026-04-02 18:42:18.041  6910-6910  VRI[MainAc...y]@3beb08b com.pixibeestudio.greenly            I  ViewPostIme pointer 0
2026-04-02 18:42:18.074  6910-6910  VRI[MainAc...y]@3beb08b com.pixibeestudio.greenly            I  ViewPostIme pointer 1
2026-04-02 18:42:18.126  6910-6910  RecyclerView            com.pixibeestudio.greenly            W  No adapter attached; skipping layout
2026-04-02 18:42:20.210  6910-6910  VRI[MainAc...y]@3beb08b com.pixibeestudio.greenly            I  ViewPostIme pointer 0
2026-04-02 18:42:20.334  6910-6910  VRI[MainAc...y]@3beb08b com.pixibeestudio.greenly            I  ViewPostIme pointer 1
2026-04-02 18:42:21.945  6910-6910  VRI[MainAc...y]@3beb08b com.pixibeestudio.greenly            I  ViewPostIme pointer 0
2026-04-02 18:42:22.067  6910-6910  VRI[MainAc...y]@3beb08b com.pixibeestudio.greenly            I  ViewPostIme pointer 1
2026-04-02 18:42:22.318  6910-6910  VRI[MainAc...y]@3beb08b com.pixibeestudio.greenly            I  ViewPostIme pointer 0
2026-04-02 18:42:22.427  6910-6910  VRI[MainAc...y]@3beb08b com.pixibeestudio.greenly            I  ViewPostIme pointer 1
2026-04-02 18:42:22.586  6910-6910  VRI[MainAc...y]@3beb08b com.pixibeestudio.greenly            I  ViewPostIme pointer 0
2026-04-02 18:42:22.686  6910-6910  VRI[MainAc...y]@3beb08b com.pixibeestudio.greenly            I  ViewPostIme pointer 1
2026-04-02 18:42:22.837  6910-6910  VRI[MainAc...y]@3beb08b com.pixibeestudio.greenly            I  ViewPostIme pointer 0
2026-04-02 18:42:22.929  6910-6910  VRI[MainAc...y]@3beb08b com.pixibeestudio.greenly            I  ViewPostIme pointer 1
2026-04-02 18:42:23.105  6910-6910  VRI[MainAc...y]@3beb08b com.pixibeestudio.greenly            I  ViewPostIme pointer 0
2026-04-02 18:42:23.188  6910-6910  VRI[MainAc...y]@3beb08b com.pixibeestudio.greenly            I  ViewPostIme pointer 1
2026-04-02 18:42:25.156  6910-6910  VRI[MainAc...y]@3beb08b com.pixibeestudio.greenly            I  ViewPostIme pointer 0
2026-04-02 18:42:25.197  6910-6910  VRI[MainAc...y]@3beb08b com.pixibeestudio.greenly            I  ViewPostIme pointer 1
2026-04-02 18:42:25.373  6910-6910  VRI[MainAc...y]@3beb08b com.pixibeestudio.greenly            I  ViewPostIme pointer 0
2026-04-02 18:42:25.456  6910-6910  VRI[MainAc...y]@3beb08b com.pixibeestudio.greenly            I  ViewPostIme pointer 1
2026-04-02 18:42:28.458  6910-6910  VRI[MainAc...y]@3beb08b com.pixibeestudio.greenly            I  call setFrameRateCategory for touch hint category=no preference, reason=boost timeout, vri=VRI[MainActivity]@3beb08b
2026-04-02 18:42:45.205  6910-6910  VRI[MainAc...y]@3beb08b com.pixibeestudio.greenly            I  ViewPostIme pointer 0
2026-04-02 18:42:45.206  6910-6910  VRI[MainAc...y]@3beb08b com.pixibeestudio.greenly            I  call setFrameRateCategory for touch hint category=high hint, reason=touch, vri=VRI[MainActivity]@3beb08b
2026-04-02 18:42:45.334  6910-6910  VRI[MainAc...y]@3beb08b com.pixibeestudio.greenly            I  ViewPostIme pointer 1
2026-04-02 18:42:45.552  6910-6910  VRI[MainAc...y]@3beb08b com.pixibeestudio.greenly            I  ViewPostIme pointer 0
2026-04-02 18:42:45.618  6910-6910  VRI[MainAc...y]@3beb08b com.pixibeestudio.greenly            I  ViewPostIme pointer 1
2026-04-02 18:42:45.665  6910-6910  Choreographer           com.pixibeestudio.greenly            W  Frame time is 0.139447 ms in the future!  Check that graphics HAL is generating vsync timestamps using the correct timebase.
2026-04-02 18:42:46.113  6910-6910  VRI[MainAc...y]@3beb08b com.pixibeestudio.greenly            I  ViewPostIme pointer 0
2026-04-02 18:42:46.179  6910-6910  VRI[MainAc...y]@3beb08b com.pixibeestudio.greenly            I  ViewPostIme pointer 1
2026-04-02 18:42:46.582  6910-6910  VRI[MainAc...y]@3beb08b com.pixibeestudio.greenly            I  ViewPostIme pointer 0
2026-04-02 18:42:46.623  6910-6910  VRI[MainAc...y]@3beb08b com.pixibeestudio.greenly            I  ViewPostIme pointer 1
2026-04-02 18:42:46.816  6910-6910  VRI[MainAc...y]@3beb08b com.pixibeestudio.greenly            I  ViewPostIme pointer 0
2026-04-02 18:42:46.892  6910-6910  VRI[MainAc...y]@3beb08b com.pixibeestudio.greenly            I  ViewPostIme pointer 1
2026-04-02 18:42:47.026  6910-6910  VRI[MainAc...y]@3beb08b com.pixibeestudio.greenly            I  ViewPostIme pointer 0
2026-04-02 18:42:47.059  6910-6910  VRI[MainAc...y]@3beb08b com.pixibeestudio.greenly            I  ViewPostIme pointer 1
2026-04-02 18:42:47.168  6910-6910  VRI[MainAc...y]@3beb08b com.pixibeestudio.greenly            I  ViewPostIme pointer 0
2026-04-02 18:42:47.218  6910-6910  VRI[MainAc...y]@3beb08b com.pixibeestudio.greenly            I  ViewPostIme pointer 1
2026-04-02 18:42:47.302  6910-6910  VRI[MainAc...y]@3beb08b com.pixibeestudio.greenly            I  ViewPostIme pointer 0
2026-04-02 18:42:47.343  6910-6910  VRI[MainAc...y]@3beb08b com.pixibeestudio.greenly            I  ViewPostIme pointer 1
2026-04-02 18:42:47.431  6910-6910  VRI[MainAc...y]@3beb08b com.pixibeestudio.greenly            I  ViewPostIme pointer 0
2026-04-02 18:42:47.494  6910-6910  VRI[MainAc...y]@3beb08b com.pixibeestudio.greenly            I  ViewPostIme pointer 1
2026-04-02 18:42:48.047  6910-6910  VRI[MainAc...y]@3beb08b com.pixibeestudio.greenly            I  ViewPostIme pointer 0
2026-04-02 18:42:48.148  6910-6910  VRI[MainAc...y]@3beb08b com.pixibeestudio.greenly            I  ViewPostIme pointer 1
2026-04-02 18:42:48.365  6910-6910  VRI[MainAc...y]@3beb08b com.pixibeestudio.greenly            I  ViewPostIme pointer 0
2026-04-02 18:42:48.448  6910-6910  VRI[MainAc...y]@3beb08b com.pixibeestudio.greenly            I  ViewPostIme pointer 1
2026-04-02 18:42:48.626  6910-6910  VRI[MainAc...y]@3beb08b com.pixibeestudio.greenly            I  ViewPostIme pointer 0
2026-04-02 18:42:48.674  6910-6910  VRI[MainAc...y]@3beb08b com.pixibeestudio.greenly            I  ViewPostIme pointer 1
2026-04-02 18:42:49.504  6910-6910  VRI[MainAc...y]@3beb08b com.pixibeestudio.greenly            I  ViewPostIme pointer 0
2026-04-02 18:42:49.947  6910-6910  VRI[MainAc...y]@3beb08b com.pixibeestudio.greenly            I  ViewPostIme pointer 1
2026-04-02 18:42:52.951  6910-6910  VRI[MainAc...y]@3beb08b com.pixibeestudio.greenly            I  call setFrameRateCategory for touch hint category=no preference, reason=boost timeout, vri=VRI[MainActivity]@3beb08b
2026-04-02 18:43:05.605  6910-6910  VRI[MainAc...y]@3beb08b com.pixibeestudio.greenly            I  ViewPostIme pointer 0
2026-04-02 18:43:05.606  6910-6910  VRI[MainAc...y]@3beb08b com.pixibeestudio.greenly            I  call setFrameRateCategory for touch hint category=high hint, reason=touch, vri=VRI[MainActivity]@3beb08b
2026-04-02 18:43:05.748  6910-6910  VRI[MainAc...y]@3beb08b com.pixibeestudio.greenly            I  ViewPostIme pointer 1
2026-04-02 18:43:05.941  6910-6910  VRI[MainAc...y]@3beb08b com.pixibeestudio.greenly            I  ViewPostIme pointer 0
2026-04-02 18:43:06.075  6910-6910  VRI[MainAc...y]@3beb08b com.pixibeestudio.greenly            I  ViewPostIme pointer 1
2026-04-02 18:43:06.242  6910-6910  VRI[MainAc...y]@3beb08b com.pixibeestudio.greenly            I  ViewPostIme pointer 0
2026-04-02 18:43:06.283  6910-6910  VRI[MainAc...y]@3beb08b com.pixibeestudio.greenly            I  ViewPostIme pointer 1
2026-04-02 18:43:06.368  6910-6910  VRI[MainAc...y]@3beb08b com.pixibeestudio.greenly            I  ViewPostIme pointer 0
2026-04-02 18:43:06.426  6910-6910  VRI[MainAc...y]@3beb08b com.pixibeestudio.greenly            I  ViewPostIme pointer 1
2026-04-02 18:43:06.701  6910-6910  VRI[MainAc...y]@3beb08b com.pixibeestudio.greenly            I  ViewPostIme pointer 0
2026-04-02 18:43:06.762  6910-6910  VRI[MainAc...y]@3beb08b com.pixibeestudio.greenly            I  ViewPostIme pointer 1
2026-04-02 18:43:06.813  6910-6910  VRI[MainAc...y]@3beb08b com.pixibeestudio.greenly            I  ViewPostIme pointer 0
2026-04-02 18:43:06.904  6910-6910  VRI[MainAc...y]@3beb08b com.pixibeestudio.greenly            I  ViewPostIme pointer 1
2026-04-02 18:43:06.929  6910-6910  VRI[MainAc...y]@3beb08b com.pixibeestudio.greenly            I  ViewPostIme pointer 0
2026-04-02 18:43:06.982  6910-6910  VRI[MainAc...y]@3beb08b com.pixibeestudio.greenly            I  ViewPostIme pointer 1
2026-04-02 18:43:07.038  6910-6910  VRI[MainAc...y]@3beb08b com.pixibeestudio.greenly            I  ViewPostIme pointer 0
2026-04-02 18:43:07.105  6910-6910  VRI[MainAc...y]@3beb08b com.pixibeestudio.greenly            I  ViewPostIme pointer 1
2026-04-02 18:43:07.155  6910-6910  VRI[MainAc...y]@3beb08b com.pixibeestudio.greenly            I  ViewPostIme pointer 0
2026-04-02 18:43:07.188  6910-6910  VRI[MainAc...y]@3beb08b com.pixibeestudio.greenly            I  ViewPostIme pointer 1
2026-04-02 18:43:07.265  6910-6910  VRI[MainAc...y]@3beb08b com.pixibeestudio.greenly            I  ViewPostIme pointer 0
2026-04-02 18:43:07.314  6910-6910  VRI[MainAc...y]@3beb08b com.pixibeestudio.greenly            I  ViewPostIme pointer 1
2026-04-02 18:43:10.320  6910-6910  VRI[MainAc...y]@3beb08b com.pixibeestudio.greenly            I  call setFrameRateCategory for touch hint category=no preference, reason=boost timeout, vri=VRI[MainActivity]@3beb08b
2026-04-02 18:43:14.848  6910-6910  VRI[MainAc...y]@3beb08b com.pixibeestudio.greenly            I  ViewPostIme pointer 0
2026-04-02 18:43:14.849  6910-6910  VRI[MainAc...y]@3beb08b com.pixibeestudio.greenly            I  call setFrameRateCategory for touch hint category=high hint, reason=touch, vri=VRI[MainActivity]@3beb08b
2026-04-02 18:43:14.905  6910-6910  VRI[MainAc...y]@3beb08b com.pixibeestudio.greenly            I  ViewPostIme pointer 1
2026-04-02 18:43:14.931  6910-6910  ScrollView              com.pixibeestudio.greenly            D  initGoToTop
2026-04-02 18:43:14.939  6910-6910  WindowOnBackDispatcher  com.pixibeestudio.greenly            W  sendCancelIfRunning: isInProgress=false callback=androidx.navigationevent.OnBackInvokedInput$createOnBackAnimationCallback$1@ffad739
2026-04-02 18:43:14.953  6910-6910  ScrollView              com.pixibeestudio.greenly            D   onsize change changed 
2026-04-02 18:43:15.435  6910-6910  VRI[MainAc...y]@3beb08b com.pixibeestudio.greenly            I  ViewPostIme pointer 0
2026-04-02 18:43:15.552  6910-6910  VRI[MainAc...y]@3beb08b com.pixibeestudio.greenly            I  ViewPostIme pointer 1
2026-04-02 18:43:16.490  6910-6910  VRI[MainAc...y]@3beb08b com.pixibeestudio.greenly            I  ViewPostIme pointer 0
2026-04-02 18:43:16.530  6910-6910  VRI[MainAc...y]@3beb08b com.pixibeestudio.greenly            I  ViewPostIme pointer 1
2026-04-02 18:43:16.577  6910-6910  RecyclerView            com.pixibeestudio.greenly            W  No adapter attached; skipping layout
2026-04-02 18:43:16.951  6910-6910  VRI[MainAc...y]@3beb08b com.pixibeestudio.greenly            I  ViewPostIme pointer 0
2026-04-02 18:43:17.050  6910-6910  VRI[MainAc...y]@3beb08b com.pixibeestudio.greenly            I  ViewPostIme pointer 1
2026-04-02 18:43:17.200  6910-6910  VRI[MainAc...y]@3beb08b com.pixibeestudio.greenly            I  ViewPostIme pointer 0
2026-04-02 18:43:17.300  6910-6910  VRI[MainAc...y]@3beb08b com.pixibeestudio.greenly            I  ViewPostIme pointer 1
2026-04-02 18:43:17.493  6910-6910  VRI[MainAc...y]@3beb08b com.pixibeestudio.greenly            I  ViewPostIme pointer 0
2026-04-02 18:43:17.617  6910-6910  ImeFocusController      com.pixibeestudio.greenly            I  onPreWindowFocus: skipped hasWindowFocus=false mHasImeFocus=true
2026-04-02 18:43:17.618  6910-6910  ImeFocusController      com.pixibeestudio.greenly            I  onPostWindowFocus: skipped hasWindowFocus=false mHasImeFocus=true
2026-04-02 18:43:18.527  6910-6910  VRI[MainAc...y]@3beb08b com.pixibeestudio.greenly            I  handleAppVisibility mAppVisible = true visible = false
2026-04-02 18:43:18.527  6910-6910  VRI[MainAc...y]@3beb08b com.pixibeestudio.greenly            D  visibilityChanged oldVisibility=true newVisibility=false
2026-04-02 18:43:18.562  6910-6984  HWUI                    com.pixibeestudio.greenly            D  CacheManager::trimMemory(20)
2026-04-02 18:43:18.575  6910-6910  VRI[MainAc...y]@3beb08b com.pixibeestudio.greenly            I  Relayout returned: old=(0,0,1080,2400) new=(0,0,1080,2400) relayoutAsync=false req=(1080,2400)8 dur=10 res=0x2 s={false 0x0} ch=true seqId=0
2026-04-02 18:43:18.575  6910-6910  VRI[MainAc...y]@3beb08b com.pixibeestudio.greenly            D  Not drawing due to not visible. Reason=!mAppVisible && !mForceDecorViewVisibility
2026-04-02 18:43:18.577  6910-6984  HWUI                    com.pixibeestudio.greenly            D  CacheManager::trimMemory(20)
2026-04-02 18:43:18.578  6910-6910  VRI[MainAc...y]@3beb08b com.pixibeestudio.greenly            I  stopped(true) old = false
2026-04-02 18:43:18.578  6910-6910  VRI[MainAc...y]@3beb08b com.pixibeestudio.greenly            D  WindowStopped on com.pixibeestudio.greenly/com.pixibeestudio.greenly.ui.activity.MainActivity set to true
2026-04-02 18:43:18.579  6910-6984  HWUI                    com.pixibeestudio.greenly            D  CacheManager::trimMemory(20)
2026-04-02 18:43:18.582  6910-6910  WindowOnBackDispatcher  com.pixibeestudio.greenly            W  sendCancelIfRunning: isInProgress=false callback=androidx.navigationevent.OnBackInvokedInput$createOnBackAnimationCallback$1@ffad739
2026-04-02 18:43:18.595  6910-6910  InputTransport          com.pixibeestudio.greenly            D  Input channel destroyed: 'ClientS', fd=141
2026-04-02 18:43:18.606  1760-5328  WindowManager           system_server                        E  win=Window{6d2470d u0 com.pixibeestudio.greenly/com.pixibeestudio.greenly.ui.activity.MainActivity} destroySurfaces: appStopped=true cleanupOnResume=false win.mWindowRemovalAllowed=false win.mRemoveOnExit=false win.mViewVisibility=8 caller=com.android.server.wm.ActivityRecord.destroySurfaces:25 com.android.server.wm.ActivityRecord.activityStopped:204 com.android.server.wm.ActivityClientController.activityStopped:95 android.app.IActivityClientController$Stub.onTransact:722 com.android.server.wm.ActivityClientController.onTransact:1 android.os.Binder.execTransactInternal:1541 android.os.Binder.execTransact:1480 
2026-04-02 18:43:20.375 10505-10505 estudio.greenly         com.pixibeestudio.greenly            I  Late-enabling -Xcheck:jni
2026-04-02 18:43:20.405 10505-10505 estudio.greenly         com.pixibeestudio.greenly            I  Using CollectorTypeCC GC.
2026-04-02 18:43:20.466 10505-10505 nativeloader            com.pixibeestudio.greenly            D  Load libframework-connectivity-tiramisu-jni.so using APEX ns com_android_tethering for caller /apex/com.android.tethering/javalib/framework-connectivity-t.jar: ok
2026-04-02 18:43:20.475 10505-10505 ActivityThread          com.pixibeestudio.greenly            D  setConscryptValidator
2026-04-02 18:43:20.475 10505-10505 ActivityThread          com.pixibeestudio.greenly            D  setConscryptValidator - put
2026-04-02 18:43:20.521 10505-10505 ApplicationLoaders      com.pixibeestudio.greenly            D  Returning zygote-cached class loader: /system_ext/framework/androidx.window.extensions.jar
2026-04-02 18:43:20.521 10505-10505 ApplicationLoaders      com.pixibeestudio.greenly            D  Returning zygote-cached class loader: /system_ext/framework/androidx.window.sidecar.jar
2026-04-02 18:43:20.730 10505-10505 nativeloader            com.pixibeestudio.greenly            D  Configuring clns-7 for other apk /data/app/~~kUtKdolNixMNvDK__uaU7w==/com.pixibeestudio.greenly-ljEixJXOu042i6AaFPTnmw==/base.apk. target_sdk_version=36, uses_libraries=, library_path=/data/app/~~kUtKdolNixMNvDK__uaU7w==/com.pixibeestudio.greenly-ljEixJXOu042i6AaFPTnmw==/lib/arm64, permitted_path=/data:/mnt/expand:/data/user/0/com.pixibeestudio.greenly
2026-04-02 18:43:20.741 10505-10505 GraphicsEnvironment     com.pixibeestudio.greenly            V  Currently set values for:
2026-04-02 18:43:20.741 10505-10505 GraphicsEnvironment     com.pixibeestudio.greenly            V    angle_gl_driver_selection_pkgs=[]
2026-04-02 18:43:20.742 10505-10505 GraphicsEnvironment     com.pixibeestudio.greenly            V    angle_gl_driver_selection_values=[]
2026-04-02 18:43:20.742 10505-10505 GraphicsEnvironment     com.pixibeestudio.greenly            V  Global.Settings values are invalid: number of packages: 0, number of values: 0
2026-04-02 18:43:20.742 10505-10505 GraphicsEnvironment     com.pixibeestudio.greenly            V  App is not on the allowlist for updatable production driver.
2026-04-02 18:43:20.837 10505-10505 ActivityThread          com.pixibeestudio.greenly            D  com.pixibeestudio.greenly will use render engine as VK
2026-04-02 18:43:20.838 10505-10505 HWUI                    com.pixibeestudio.greenly            D  HWUI - treat SMPTE_170M as sRGB
2026-04-02 18:43:20.846 10505-10622 HWUI                    com.pixibeestudio.greenly            D  CacheManager constructor. deviceInfo=(1080, 1920)
2026-04-02 18:43:20.866 10505-10505 AppCompatDelegate       com.pixibeestudio.greenly            D  Checking for metadata for AppLocalesMetadataHolderService : Service not found
2026-04-02 18:43:20.900 10505-10505 DecorView               com.pixibeestudio.greenly            I  setWindowBackground: isPopOver=false color=fffef7ff d=android.graphics.drawable.ColorDrawable@9e9c236
2026-04-02 18:43:20.902 10505-10505 PhoneWindow             com.pixibeestudio.greenly            D  forceLight changed to false [] from com.android.internal.policy.PhoneWindow.updateForceLightNavigationBar:4536 com.android.internal.policy.PhoneWindow.setNavigationBarColor:4227 androidx.activity.EdgeToEdgeApi35.setUp:353 androidx.activity.EdgeToEdge.enableEdgeToEdge$lambda$1:101 androidx.activity.EdgeToEdge$$ExternalSyntheticLambda0.run:0 
2026-04-02 18:43:20.906 10505-10505 estudio.greenly         com.pixibeestudio.greenly            I  hiddenapi: Accessing hidden method Landroid/view/ViewGroup;->makeOptionalFitsSystemWindows()V (runtime_flags=0, domain=platform, api=unsupported) from Landroidx/appcompat/widget/ViewUtils; (domain=app, TargetSdkVersion=36) using reflection: allowed
2026-04-02 18:43:21.084 10505-10505 ScrollView              com.pixibeestudio.greenly            D  initGoToTop
2026-04-02 18:43:21.096 10505-10513 estudio.greenly         com.pixibeestudio.greenly            I  Compiler allocated 4198KB to compile void android.widget.TextView.<init>(android.content.Context, android.util.AttributeSet, int, int)
2026-04-02 18:43:21.146 10505-10505 ViewRootImpl            com.pixibeestudio.greenly            I  dVRR is disabled
2026-04-02 18:43:21.147 10505-10505 HardwareRenderer        com.pixibeestudio.greenly            D  onDisplayChanged. displayId=0 current wxh=1080x2400 mLargest wxh=0x0
2026-04-02 18:43:21.147 10505-10505 HardwareRenderer        com.pixibeestudio.greenly            D  Set largestWidth and largestHeight as logical resolution. (1080x2400)
2026-04-02 18:43:21.147 10505-10622 HWUI                    com.pixibeestudio.greenly            D  setMaxSurfaceArea requested wxh=(1080,2400) requestedSurfaceArea(2592000) mMaxSurfaceArea(2073600)
2026-04-02 18:43:21.147 10505-10622 NativeCust...ncyManager com.pixibeestudio.greenly            D  [NativeCFMS] BpCustomFrequencyManager::BpCustomFrequencyManager()
2026-04-02 18:43:21.154 10505-10505 InputTransport          com.pixibeestudio.greenly            D  Input channel constructed: '68b752e', fd=130
2026-04-02 18:43:21.155 10505-10505 InsetsController        com.pixibeestudio.greenly            I  onStateChanged: host=com.pixibeestudio.greenly/com.pixibeestudio.greenly.ui.activity.MainActivity, from=android.view.ViewRootImpl.setView:1999, state=InsetsState: {mDisplayFrame=Rect(0, 0 - 1080, 2400), mDisplayCutout=DisplayCutout{insets=Rect(0, 75 - 0, 0) waterfall=Insets{left=0, top=0, right=0, bottom=0} boundingRect={Bounds=[Rect(0, 0 - 0, 0), Rect(512, 0 - 569, 75), Rect(0, 0 - 0, 0), Rect(0, 0 - 0, 0)]} cutoutPathParserInfo={CutoutPathParserInfo{displayWidth=1080 displayHeight=2400 physicalDisplayWidth=1080 physicalDisplayHeight=2400 density={2.8125} cutoutSpec={M 0, 0 H -10.13333333333333 V 26.66666666666667 H 10.13333333333333 V 0 H 0 Z @dp} rotation={0} scale={1.0} physicalPixelDisplaySizeRatio={1.0}}} sideOverrides={}}, mRoundedCorners=RoundedCorners{[RoundedCorner{position=TopLeft, radius=101, center=Point(101, 101)}, RoundedCorner{position=TopRight, radius=101, center=Point(979, 101)}, RoundedCorner{position=BottomRight, radius=101, center=Point(979, 2299)}, RoundedCorner{position=BottomLeft, radius=101, center=Point(101, 2299)}]}  mRoundedCornerFrame=Rect(0, 0 - 1080, 2400), mPrivacyIndicatorBounds=PrivacyIndicatorBounds {static bounds=Rect(956, 0 - 1080, 75) rotation=0}, mDisplayShape=DisplayShape{ spec=-311912193 displayWidth=1080 displayHeight=2400 physicalPixelDisplaySizeRatio=1.0 rotation=0 offsetX=0 offsetY=0 scale=1.0}, mSources= { InsetsSource: {f6b00000 mType=statusBars mFrame=[0,0][1080,75] mVisible=true mFlags= mSideHint=TOP mBoundingRects=null}, InsetsSource: {f6b00005 mType=mandatorySystemGestures mFrame=[0,0][1080,109] mVisible=true mFlags= mSideHint=TOP mBoundingRects=null}, InsetsSource: {f6b00006 mType=tappableElement mFrame=[0,0][1080,75] mVisible=true mFlags= mSideHint=TOP mBoundingRects=null}, InsetsSource: {27 mType=displayCutout mFrame=[0,0][1080,75] mVisible=true mFlags= mSideHint=TOP mBoundingRects=null}, InsetsSource: {1bea0001 mType=navigationBars mFrame=[0,2358][1080,2400] mVisible=true mFlags=SUPPRESS_SCRIM mSideHint=BOTTOM mBoundingRects=null}, InsetsSource: {1bea0004 mType=systemGestures mFrame=[0,0][84,2400] mVisible=true mFlags= mSideHint=LEFT mBoundingRects=null}, InsetsSource: {1bea0005 mType=mandatorySystemGestures mFrame=[0,2310][1080,2400] mVisible=true mFlags= mSideHint=BOTTOM mBoundingRects=null}, InsetsSource: {1bea0006 mType=tappableElement mFrame=[0,0][0,0] mVisible=true mFlags= mSideHint=NONE mBoundingRects=null}, InsetsSource: {1bea0024 mType=systemGestures mFrame=[996,0][1080,2400] mVisible=true mFlags= mSideHint=RIGHT mBoundingRects=null} }
2026-04-02 18:43:21.156 10505-10505 VRI[MainAc...y]@6f7e3dc com.pixibeestudio.greenly            I  synced displayState. AttachInfo displayState=2
2026-04-02 18:43:21.156 10505-10505 VRI[MainAc...y]@6f7e3dc com.pixibeestudio.greenly            I  setView = com.android.internal.policy.DecorView@923239d IsHRR=false TM=true
2026-04-02 18:43:21.156 10505-10505 IDS_TAG                 com.pixibeestudio.greenly            I  Starting IDS observe window
2026-04-02 18:43:21.156 10505-10505 IDS_TAG                 com.pixibeestudio.greenly            I  Getting Shared Preference for android.app.Application@273806f uid = 10410
2026-04-02 18:43:21.159 10505-10505 IDS_TAG                 com.pixibeestudio.greenly            I  App android.app.Application@273806f has not finished training
2026-04-02 18:43:21.159 10505-10622 HWUI                    com.pixibeestudio.greenly            D  HWUI - treat SMPTE_170M as sRGB
2026-04-02 18:43:21.159 10505-10505 IDS_TAG                 com.pixibeestudio.greenly            I  Closing IDS observe window
2026-04-02 18:43:21.160 10505-10505 IDS_TAG                 com.pixibeestudio.greenly            I  Getting Shared Preference for android.app.Application@273806f uid = 10410
2026-04-02 18:43:21.160 10505-10505 IDS_TAG                 com.pixibeestudio.greenly            I  IDS count updated to 2 for android.app.Application@273806f
2026-04-02 18:43:21.193 10505-10505 BLASTBufferQueue_Java   com.pixibeestudio.greenly            I  new BLASTBufferQueue, mName= VRI[MainActivity]@6f7e3dc mNativeObject= 0xb40000794abab930 sc.mNativeObject= 0xb40000784abb4ed0 caller= android.view.ViewRootImpl.updateBlastSurfaceIfNeeded:3397 android.view.ViewRootImpl.relayoutWindow:11361 android.view.ViewRootImpl.performTraversals:4544 android.view.ViewRootImpl.doTraversal:3708 android.view.ViewRootImpl$TraversalRunnable.run:12542 android.view.Choreographer$CallbackRecord.run:1751 android.view.Choreographer$CallbackRecord.run:1760 android.view.Choreographer.doCallbacks:1216 android.view.Choreographer.doFrame:1142 android.view.Choreographer$FrameDisplayEventReceiver.run:1707 
2026-04-02 18:43:21.193 10505-10505 BLASTBufferQueue_Java   com.pixibeestudio.greenly            I  update, w= 1080 h= 2400 mName = VRI[MainActivity]@6f7e3dc mNativeObject= 0xb40000794abab930 sc.mNativeObject= 0xb40000784abb4ed0 format= -1 caller= android.graphics.BLASTBufferQueue.<init>:88 android.view.ViewRootImpl.updateBlastSurfaceIfNeeded:3397 android.view.ViewRootImpl.relayoutWindow:11361 android.view.ViewRootImpl.performTraversals:4544 android.view.ViewRootImpl.doTraversal:3708 android.view.ViewRootImpl$TraversalRunnable.run:12542 
2026-04-02 18:43:21.194 10505-10505 VRI[MainAc...y]@6f7e3dc com.pixibeestudio.greenly            I  Relayout returned: old=(0,0,1080,2400) new=(0,0,1080,2400) relayoutAsync=false req=(1080,2400)0 dur=6 res=0x3 s={true 0xb40000790ac036b0} ch=true seqId=0
2026-04-02 18:43:21.194 10505-10505 VRI[MainAc...y]@6f7e3dc com.pixibeestudio.greenly            I  performConfigurationChange setNightDimText nightDimLevel=0
2026-04-02 18:43:21.195 10505-10505 VRI[MainAc...y]@6f7e3dc com.pixibeestudio.greenly            D  mThreadedRenderer.initialize() mSurface={isValid=true 0xb40000790ac036b0} hwInitialized=true
2026-04-02 18:43:21.207 10505-10505 ScrollView              com.pixibeestudio.greenly            D   onsize change changed 
2026-04-02 18:43:21.208 10505-10505 VRI[MainAc...y]@6f7e3dc com.pixibeestudio.greenly            D  reportNextDraw android.view.ViewRootImpl.performTraversals:5193 android.view.ViewRootImpl.doTraversal:3708 android.view.ViewRootImpl$TraversalRunnable.run:12542 android.view.Choreographer$CallbackRecord.run:1751 android.view.Choreographer$CallbackRecord.run:1760 
2026-04-02 18:43:21.208 10505-10505 VRI[MainAc...y]@6f7e3dc com.pixibeestudio.greenly            D  Setup new sync=wmsSync-VRI[MainActivity]@6f7e3dc#0
2026-04-02 18:43:21.208 10505-10505 VRI[MainAc...y]@6f7e3dc com.pixibeestudio.greenly            I  Creating new active sync group VRI[MainActivity]@6f7e3dc#1
2026-04-02 18:43:21.212 10505-10505 VRI[MainAc...y]@6f7e3dc com.pixibeestudio.greenly            D  registerCallbacksForSync syncBuffer=false
2026-04-02 18:43:21.219 10505-10646 VRI[MainAc...y]@6f7e3dc com.pixibeestudio.greenly            D  Received frameDrawingCallback syncResult=0 frameNum=1.
2026-04-02 18:43:21.219 10505-10646 VRI[MainAc...y]@6f7e3dc com.pixibeestudio.greenly            I  mWNT: t=0xb40000778abf5190 mBlastBufferQueue=0xb40000794abab930 fn= 1 HdrRenderState mRenderHdrSdrRatio=1.0 caller= android.view.ViewRootImpl$11.onFrameDraw:15016 android.view.ThreadedRenderer$1.onFrameDraw:761 <bottom of call stack> 
2026-04-02 18:43:21.219 10505-10646 VRI[MainAc...y]@6f7e3dc com.pixibeestudio.greenly            I  Setting up sync and frameCommitCallback
2026-04-02 18:43:21.238 10505-10622 BLASTBufferQueue        com.pixibeestudio.greenly            I  [VRI[MainActivity]@6f7e3dc#0](f:0,a:0,s:0) onFrameAvailable the first frame is available
2026-04-02 18:43:21.238 10505-10622 VRI[MainAc...y]@6f7e3dc com.pixibeestudio.greenly            I  Received frameCommittedCallback lastAttemptedDrawFrameNum=1 didProduceBuffer=true
2026-04-02 18:43:21.239 10505-10622 HWUI                    com.pixibeestudio.greenly            D  CFMS:: SetUp Pid : 10505    Tid : 10622
2026-04-02 18:43:21.239 10505-10505 VRI[MainAc...y]@6f7e3dc com.pixibeestudio.greenly            D  reportDrawFinished seqId=0
2026-04-02 18:43:21.240 10505-10505 InsetsSourceConsumer    com.pixibeestudio.greenly            I  applyRequestedVisibilityToControl: visible=true, type=navigationBars, host=com.pixibeestudio.greenly/com.pixibeestudio.greenly.ui.activity.MainActivity
2026-04-02 18:43:21.241 10505-10505 InsetsSourceConsumer    com.pixibeestudio.greenly            I  applyRequestedVisibilityToControl: visible=true, type=statusBars, host=com.pixibeestudio.greenly/com.pixibeestudio.greenly.ui.activity.MainActivity
2026-04-02 18:43:21.284 10505-10505 VRI[MainAc...y]@6f7e3dc com.pixibeestudio.greenly            D  mThreadedRenderer.initializeIfNeeded()#2 mSurface={isValid=true 0xb40000790ac036b0}
2026-04-02 18:43:21.286 10505-10505 InputMethodManagerUtils com.pixibeestudio.greenly            D  startInputInner - Id : 0
2026-04-02 18:43:21.286 10505-10505 InputMethodManager      com.pixibeestudio.greenly            I  startInputInner - IInputMethodManagerGlobalInvoker.startInputOrWindowGainedFocus
2026-04-02 18:43:21.293 10505-10545 InputTransport          com.pixibeestudio.greenly            D  Input channel constructed: 'ClientS', fd=156
2026-04-02 18:43:21.316 10505-10505 InsetsController        com.pixibeestudio.greenly            I  onStateChanged: host=com.pixibeestudio.greenly/com.pixibeestudio.greenly.ui.activity.MainActivity, from=android.view.ViewRootImpl.handleInsetsControlChanged:2888, state=InsetsState: {mDisplayFrame=Rect(0, 0 - 1080, 2400), mDisplayCutout=DisplayCutout{insets=Rect(0, 75 - 0, 0) waterfall=Insets{left=0, top=0, right=0, bottom=0} boundingRect={Bounds=[Rect(0, 0 - 0, 0), Rect(512, 0 - 569, 75), Rect(0, 0 - 0, 0), Rect(0, 0 - 0, 0)]} cutoutPathParserInfo={CutoutPathParserInfo{displayWidth=1080 displayHeight=2400 physicalDisplayWidth=1080 physicalDisplayHeight=2400 density={2.8125} cutoutSpec={M 0, 0 H -10.13333333333333 V 26.66666666666667 H 10.13333333333333 V 0 H 0 Z @dp} rotation={0} scale={1.0} physicalPixelDisplaySizeRatio={1.0}}} sideOverrides={}}, mRoundedCorners=RoundedCorners{[RoundedCorner{position=TopLeft, radius=101, center=Point(101, 101)}, RoundedCorner{position=TopRight, radius=101, center=Point(979, 101)}, RoundedCorner{position=BottomRight, radius=101, center=Point(979, 2299)}, RoundedCorner{position=BottomLeft, radius=101, center=Point(101, 2299)}]}  mRoundedCornerFrame=Rect(0, 0 - 1080, 2400), mPrivacyIndicatorBounds=PrivacyIndicatorBounds {static bounds=Rect(956, 0 - 1080, 75) rotation=0}, mDisplayShape=DisplayShape{ spec=-311912193 displayWidth=1080 displayHeight=2400 physicalPixelDisplaySizeRatio=1.0 rotation=0 offsetX=0 offsetY=0 scale=1.0}, mSources= { InsetsSource: {f6b00000 mType=statusBars mFrame=[0,0][1080,75] mVisible=true mFlags= mSideHint=TOP mBoundingRects=null}, InsetsSource: {f6b00005 mType=mandatorySystemGestures mFrame=[0,0][1080,109] mVisible=true mFlags= mSideHint=TOP mBoundingRects=null}, InsetsSource: {f6b00006 mType=tappableElement mFrame=[0,0][1080,75] mVisible=true mFlags= mSideHint=TOP mBoundingRects=null}, InsetsSource: {3 mType=ime mFrame=[0,0][0,0] mVisible=false mFlags= mSideHint=NONE mBoundingRects=null}, InsetsSource: {27 mType=displayCutout mFrame=[0,0][1080,75] mVisible=true mFlags= mSideHint=TOP mBoundingRects=null}, InsetsSource: {1bea0001 mType=navigationBars mFrame=[0,2358][1080,2400] mVisible=true mFlags=SUPPRESS_SCRIM mSideHint=BOTTOM mBoundingRects=null}, InsetsSource: {1bea0004 mType=systemGestures mFrame=[0,0][84,2400] mVisible=true mFlags= mSideHint=LEFT mBoundingRects=null}, InsetsSource: {1bea0005 mType=mandatorySystemGestures mFrame=[0,2310][1080,2400] mVisible=true mFlags= mSideHint=BOTTOM mBoundingRects=null}, InsetsSource: {1bea0006 mType=tappableElement mFrame=[0,0][0,0] mVisible=true mFlags= mSideHint=NONE mBoundingRects=null}, InsetsSource: {1bea0024 mType=systemGestures mFrame=[996,0][1080,2400] mVisible=true mFlags= mSideHint=RIGHT mBoundingRects=null} }
2026-04-02 18:43:21.317 10505-10505 InsetsSourceConsumer    com.pixibeestudio.greenly            I  applyRequestedVisibilityToControl: visible=false, type=ime, host=com.pixibeestudio.greenly/com.pixibeestudio.greenly.ui.activity.MainActivity
2026-04-02 18:43:21.413 10505-10513 estudio.greenly         com.pixibeestudio.greenly            I  Compiler allocated 7408KB to compile void android.view.ViewRootImpl.performTraversals()
2026-04-02 18:43:22.996 10505-10505 VRI[MainAc...y]@6f7e3dc com.pixibeestudio.greenly            I  ViewPostIme pointer 0
2026-04-02 18:43:22.997 10505-10505 VRI[MainAc...y]@6f7e3dc com.pixibeestudio.greenly            I  call setFrameRateCategory for touch hint category=high hint, reason=touch, vri=VRI[MainActivity]@6f7e3dc
2026-04-02 18:43:23.011 10505-10505 VRI[MainAc...y]@6f7e3dc com.pixibeestudio.greenly            I  ViewPostIme pointer 1
2026-04-02 18:43:23.077 10505-10505 RecyclerView            com.pixibeestudio.greenly            W  No adapter attached; skipping layout
2026-04-02 18:43:26.014 10505-10505 VRI[MainAc...y]@6f7e3dc com.pixibeestudio.greenly            I  call setFrameRateCategory for touch hint category=no preference, reason=boost timeout, vri=VRI[MainActivity]@6f7e3dc
2026-04-02 18:43:26.656 10505-10762 ProfileInstaller        com.pixibeestudio.greenly            D  Installing profile for com.pixibeestudio.greenly
2026-04-02 18:43:41.116 10864-10864 estudio.greenly         com.pixibeestudio.greenly            I  Late-enabling -Xcheck:jni
2026-04-02 18:43:41.140 10864-10864 estudio.greenly         com.pixibeestudio.greenly            I  Using CollectorTypeCC GC.
2026-04-02 18:43:41.154 10864-10864 nativeloader            com.pixibeestudio.greenly            D  Load libframework-connectivity-tiramisu-jni.so using APEX ns com_android_tethering for caller /apex/com.android.tethering/javalib/framework-connectivity-t.jar: ok
2026-04-02 18:43:41.157 10864-10864 ActivityThread          com.pixibeestudio.greenly            D  setConscryptValidator
2026-04-02 18:43:41.157 10864-10864 ActivityThread          com.pixibeestudio.greenly            D  setConscryptValidator - put
2026-04-02 18:43:41.176 10864-10864 nativeloader            com.pixibeestudio.greenly            D  Load /data/user/0/com.pixibeestudio.greenly/code_cache/startup_agents/a82ed9e3-agent.so using system ns (caller=<unknown>): ok
2026-04-02 18:43:41.181 10864-10864 estudio.greenly         com.pixibeestudio.greenly            W  hiddenapi: DexFile /data/data/com.pixibeestudio.greenly/code_cache/.studio/instruments-2fd5708c.jar is in boot class path but is not in a known location
2026-04-02 18:43:41.256 10864-10864 estudio.greenly         com.pixibeestudio.greenly            W  Redefining intrinsic method java.lang.Thread java.lang.Thread.currentThread(). This may cause the unexpected use of the original definition of java.lang.Thread java.lang.Thread.currentThread()in methods that have already been compiled.
2026-04-02 18:43:41.256 10864-10864 estudio.greenly         com.pixibeestudio.greenly            W  Redefining intrinsic method boolean java.lang.Thread.interrupted(). This may cause the unexpected use of the original definition of boolean java.lang.Thread.interrupted()in methods that have already been compiled.
2026-04-02 18:43:41.273 10864-10864 ApplicationLoaders      com.pixibeestudio.greenly            D  Returning zygote-cached class loader: /system_ext/framework/androidx.window.extensions.jar
2026-04-02 18:43:41.273 10864-10864 ApplicationLoaders      com.pixibeestudio.greenly            D  Returning zygote-cached class loader: /system_ext/framework/androidx.window.sidecar.jar
2026-04-02 18:43:41.368 10864-10864 nativeloader            com.pixibeestudio.greenly            D  Configuring clns-7 for other apk /data/app/~~kUtKdolNixMNvDK__uaU7w==/com.pixibeestudio.greenly-ljEixJXOu042i6AaFPTnmw==/base.apk. target_sdk_version=36, uses_libraries=, library_path=/data/app/~~kUtKdolNixMNvDK__uaU7w==/com.pixibeestudio.greenly-ljEixJXOu042i6AaFPTnmw==/lib/arm64, permitted_path=/data:/mnt/expand:/data/user/0/com.pixibeestudio.greenly
2026-04-02 18:43:41.374 10864-10864 GraphicsEnvironment     com.pixibeestudio.greenly            V  Currently set values for:
2026-04-02 18:43:41.374 10864-10864 GraphicsEnvironment     com.pixibeestudio.greenly            V    angle_gl_driver_selection_pkgs=[]
2026-04-02 18:43:41.374 10864-10864 GraphicsEnvironment     com.pixibeestudio.greenly            V    angle_gl_driver_selection_values=[]
2026-04-02 18:43:41.374 10864-10864 GraphicsEnvironment     com.pixibeestudio.greenly            V  Global.Settings values are invalid: number of packages: 0, number of values: 0
2026-04-02 18:43:41.375 10864-10864 GraphicsEnvironment     com.pixibeestudio.greenly            V  App is not on the allowlist for updatable production driver.
2026-04-02 18:43:41.440 10864-10864 ActivityThread          com.pixibeestudio.greenly            D  com.pixibeestudio.greenly will use render engine as VK
2026-04-02 18:43:41.441 10864-10864 HWUI                    com.pixibeestudio.greenly            D  HWUI - treat SMPTE_170M as sRGB
2026-04-02 18:43:41.445 10864-10879 HWUI                    com.pixibeestudio.greenly            D  CacheManager constructor. deviceInfo=(1080, 1920)
2026-04-02 18:43:41.473 10864-10864 AppCompatDelegate       com.pixibeestudio.greenly            D  Checking for metadata for AppLocalesMetadataHolderService : Service not found
2026-04-02 18:43:41.498 10864-10864 DecorView               com.pixibeestudio.greenly            I  setWindowBackground: isPopOver=false color=fffef7ff d=android.graphics.drawable.ColorDrawable@ef30dd3
2026-04-02 18:43:41.500 10864-10864 PhoneWindow             com.pixibeestudio.greenly            D  forceLight changed to false [] from com.android.internal.policy.PhoneWindow.updateForceLightNavigationBar:4536 com.android.internal.policy.PhoneWindow.setNavigationBarColor:4227 androidx.activity.EdgeToEdgeApi35.setUp:353 androidx.activity.EdgeToEdge.enableEdgeToEdge$lambda$1:101 androidx.activity.EdgeToEdge$$ExternalSyntheticLambda0.run:0 
2026-04-02 18:43:41.503 10864-10864 estudio.greenly         com.pixibeestudio.greenly            I  hiddenapi: Accessing hidden method Landroid/view/ViewGroup;->makeOptionalFitsSystemWindows()V (runtime_flags=0, domain=platform, api=unsupported) from Landroidx/appcompat/widget/ViewUtils; (domain=app, TargetSdkVersion=36) using reflection: allowed
2026-04-02 18:43:41.643 10864-10868 estudio.greenly         com.pixibeestudio.greenly            I  Compiler allocated 4198KB to compile void android.widget.TextView.<init>(android.content.Context, android.util.AttributeSet, int, int)
2026-04-02 18:43:41.662 10864-10864 ScrollView              com.pixibeestudio.greenly            D  initGoToTop
2026-04-02 18:43:41.721 10864-10864 ViewRootImpl            com.pixibeestudio.greenly            I  dVRR is disabled
2026-04-02 18:43:41.722 10864-10864 HardwareRenderer        com.pixibeestudio.greenly            D  onDisplayChanged. displayId=0 current wxh=1080x2400 mLargest wxh=0x0
2026-04-02 18:43:41.722 10864-10864 HardwareRenderer        com.pixibeestudio.greenly            D  Set largestWidth and largestHeight as logical resolution. (1080x2400)
2026-04-02 18:43:41.722 10864-10879 HWUI                    com.pixibeestudio.greenly            D  setMaxSurfaceArea requested wxh=(1080,2400) requestedSurfaceArea(2592000) mMaxSurfaceArea(2073600)
2026-04-02 18:43:41.722 10864-10879 NativeCust...ncyManager com.pixibeestudio.greenly            D  [NativeCFMS] BpCustomFrequencyManager::BpCustomFrequencyManager()
2026-04-02 18:43:41.726 10864-10864 InputTransport          com.pixibeestudio.greenly            D  Input channel constructed: '34b93f ', fd=129
