2026-04-02 18:39:04.698  6910-6910  InsetsController        com.pixibeestudio.greenly            I  onStateChanged: host=com.pixibeestudio.greenly/com.pixibeestudio.greenly.ui.activity.MainActivity, from=android.view.ViewRootImpl.handleResized:2789, state=InsetsState: {mDisplayFrame=Rect(0, 0 - 1080, 2400), mDisplayCutout=DisplayCutout{insets=Rect(0, 75 - 0, 0) waterfall=Insets{left=0, top=0, right=0, bottom=0} boundingRect={Bounds=[Rect(0, 0 - 0, 0), Rect(512, 0 - 569, 75), Rect(0, 0 - 0, 0), Rect(0, 0 - 0, 0)]} cutoutPathParserInfo={CutoutPathParserInfo{displayWidth=1080 displayHeight=2400 physicalDisplayWidth=1080 physicalDisplayHeight=2400 density={2.8125} cutoutSpec={M 0, 0 H -10.13333333333333 V 26.66666666666667 H 10.13333333333333 V 0 H 0 Z @dp} rotation={0} scale={1.0} physicalPixelDisplaySizeRatio={1.0}}} sideOverrides={}}, mRoundedCorners=RoundedCorners{[RoundedCorner{position=TopLeft, radius=101, center=Point(101, 101)}, RoundedCorner{position=TopRight, radius=101, center=Point(979, 101)}, RoundedCorner{position=BottomRight, radius=101, center=Point(979, 2299)}, RoundedCorner{position=BottomLeft, radius=101, center=Point(101, 2299)}]}  mRoundedCornerFrame=Rect(0, 0 - 1080, 2400), mPrivacyIndicatorBounds=PrivacyIndicatorBounds {static bounds=Rect(956, 0 - 1080, 75) rotation=0}, mDisplayShape=DisplayShape{ spec=-311912193 displayWidth=1080 displayHeight=2400 physicalPixelDisplaySizeRatio=1.0 rotation=0 offsetX=0 offsetY=0 scale=1.0}, mSources= { InsetsSource: {f6b00000 mType=statusBars mFrame=[0,0][1080,75] mVisible=true mFlags= mSideHint=TOP mBoundingRects=null}, InsetsSource: {f6b00005 mType=mandatorySystemGestures mFrame=[0,0][1080,109] mVisible=true mFlags= mSideHint=TOP mBoundingRects=null}, InsetsSource: {f6b00006 mType=tappableElement mFrame=[0,0][1080,75] mVisible=true mFlags= mSideHint=TOP mBoundingRects=null}, InsetsSource: {3 mType=ime mFrame=[0,0][0,0] mVisible=false mFlags= mSideHint=NONE mBoundingRects=null}, InsetsSource: {27 mType=displayCutout mFrame=[0,0][1080,75] mVisible=true mFlags= mSideHint=TOP mBoundingRects=null}, InsetsSource: {1bea0001 mType=navigationBars mFrame=[0,2358][1080,2400] mVisible=true mFlags=SUPPRESS_SCRIM mSideHint=BOTTOM mBoundingRects=null}, InsetsSource: {1bea0004 mType=systemGestures mFrame=[0,0][84,2400] mVisible=true mFlags= mSideHint=LEFT mBoundingRects=null}, InsetsSource: {1bea0005 mType=mandatorySystemGestures mFrame=[0,2310][1080,2400] mVisible=true mFlags= mSideHint=BOTTOM mBoundingRects=null}, InsetsSource: {1bea0006 mType=tappableElement mFrame=[0,0][0,0] mVisible=true mFlags= mSideHint=NONE mBoundingRects=null}, InsetsSource: {1bea0024 mType=systemGestures mFrame=[996,0][1080,2400] mVisible=true mFlags= mSideHint=RIGHT mBoundingRects=null} }
2026-04-02 18:39:04.698  6910-6910  VRI[MainAc...y]@aa69654 com.pixibeestudio.greenly            I  handleResized, frames=ClientWindowFrames{frame=[0,0][1080,2400] display=[0,0][1080,2400] parentFrame=[0,0][0,0]} displayId=0 dragResizing=false compatScale=1.0 frameChanged=false attachedFrameChanged=false configChanged=false displayChanged=false compatScaleChanged=false dragResizingChanged=false
2026-04-02 18:39:05.253  6910-6910  VRI[MainAc...y]@aa69654 com.pixibeestudio.greenly            I  ViewPostIme pointer 0
2026-04-02 18:39:05.320  6910-6910  VRI[MainAc...y]@aa69654 com.pixibeestudio.greenly            I  ViewPostIme pointer 1
2026-04-02 18:39:06.569  6910-6910  Toast                   com.pixibeestudio.greenly            I  show: caller = com.pixibeestudio.greenly.ui.fragment.LoginFragment.lambda$onViewCreated$1$com-pixibeestudio-greenly-ui-fragment-LoginFragment:136 
2026-04-02 18:39:06.571  6910-6910  Toast                   com.pixibeestudio.greenly            I  show: isDexDualMode = false
2026-04-02 18:39:06.571  6910-6910  Toast                   com.pixibeestudio.greenly            I  show: contextDispId = 0 mCustomDisplayId = -1 focusedDisplayId = 0 isActivityContext = true
2026-04-02 18:39:06.644  6910-6910  ActivityThread          com.pixibeestudio.greenly            D  com.pixibeestudio.greenly will use render engine as VK
2026-04-02 18:39:06.656  6910-6910  DecorView               com.pixibeestudio.greenly            I  setWindowBackground: isPopOver=false color=fffef7ff d=android.graphics.drawable.ColorDrawable@1687375
2026-04-02 18:39:06.657  6910-6910  PhoneWindow             com.pixibeestudio.greenly            D  forceLight changed to false [] from com.android.internal.policy.PhoneWindow.updateForceLightNavigationBar:4536 com.android.internal.policy.PhoneWindow.setNavigationBarColor:4227 androidx.activity.EdgeToEdgeApi35.setUp:353 androidx.activity.EdgeToEdge.enableEdgeToEdge$lambda$1:101 androidx.activity.EdgeToEdge$$ExternalSyntheticLambda0.run:0 
2026-04-02 18:39:06.744  6910-6910  ScrollView              com.pixibeestudio.greenly            D  initGoToTop
2026-04-02 18:39:06.774  6910-6910  ViewRootImpl            com.pixibeestudio.greenly            I  dVRR is disabled
2026-04-02 18:39:06.774  6910-6984  NativeCust...ncyManager com.pixibeestudio.greenly            D  [NativeCFMS] BpCustomFrequencyManager::BpCustomFrequencyManager()
2026-04-02 18:39:06.779  6910-6910  InputTransport          com.pixibeestudio.greenly            D  Input channel constructed: '6d2470d', fd=183
2026-04-02 18:39:06.779  6910-6910  InsetsController        com.pixibeestudio.greenly            I  onStateChanged: host=com.pixibeestudio.greenly/com.pixibeestudio.greenly.ui.activity.MainActivity, from=android.view.ViewRootImpl.setView:1999, state=InsetsState: {mDisplayFrame=Rect(0, 0 - 1080, 2400), mDisplayCutout=DisplayCutout{insets=Rect(0, 75 - 0, 0) waterfall=Insets{left=0, top=0, right=0, bottom=0} boundingRect={Bounds=[Rect(0, 0 - 0, 0), Rect(512, 0 - 569, 75), Rect(0, 0 - 0, 0), Rect(0, 0 - 0, 0)]} cutoutPathParserInfo={CutoutPathParserInfo{displayWidth=1080 displayHeight=2400 physicalDisplayWidth=1080 physicalDisplayHeight=2400 density={2.8125} cutoutSpec={M 0, 0 H -10.13333333333333 V 26.66666666666667 H 10.13333333333333 V 0 H 0 Z @dp} rotation={0} scale={1.0} physicalPixelDisplaySizeRatio={1.0}}} sideOverrides={}}, mRoundedCorners=RoundedCorners{[RoundedCorner{position=TopLeft, radius=101, center=Point(101, 101)}, RoundedCorner{position=TopRight, radius=101, center=Point(979, 101)}, RoundedCorner{position=BottomRight, radius=101, center=Point(979, 2299)}, RoundedCorner{position=BottomLeft, radius=101, center=Point(101, 2299)}]}  mRoundedCornerFrame=Rect(0, 0 - 1080, 2400), mPrivacyIndicatorBounds=PrivacyIndicatorBounds {static bounds=Rect(956, 0 - 1080, 75) rotation=0}, mDisplayShape=DisplayShape{ spec=-311912193 displayWidth=1080 displayHeight=2400 physicalPixelDisplaySizeRatio=1.0 rotation=0 offsetX=0 offsetY=0 scale=1.0}, mSources= { InsetsSource: {f6b00000 mType=statusBars mFrame=[0,0][1080,75] mVisible=true mFlags= mSideHint=TOP mBoundingRects=null}, InsetsSource: {f6b00005 mType=mandatorySystemGestures mFrame=[0,0][1080,109] mVisible=true mFlags= mSideHint=TOP mBoundingRects=null}, InsetsSource: {f6b00006 mType=tappableElement mFrame=[0,0][1080,75] mVisible=true mFlags= mSideHint=TOP mBoundingRects=null}, InsetsSource: {3 mType=ime mFrame=[0,0][0,0] mVisible=false mFlags= mSideHint=NONE mBoundingRects=null}, InsetsSource: {27 mType=displayCutout mFrame=[0,0][1080,75] mVisible=true mFlags= mSideHint=TOP mBoundingRects=null}, InsetsSource: {1bea0001 mType=navigationBars mFrame=[0,2358][1080,2400] mVisible=true mFlags=SUPPRESS_SCRIM mSideHint=BOTTOM mBoundingRects=null}, InsetsSource: {1bea0004 mType=systemGestures mFrame=[0,0][84,2400] mVisible=true mFlags= mSideHint=LEFT mBoundingRects=null}, InsetsSource: {1bea0005 mType=mandatorySystemGestures mFrame=[0,2310][1080,2400] mVisible=true mFlags= mSideHint=BOTTOM mBoundingRects=null}, InsetsSource: {1bea0006 mType=tappableElement mFrame=[0,0][0,0] mVisible=true mFlags= mSideHint=NONE mBoundingRects=null}, InsetsSource: {1bea0024 mType=systemGestures mFrame=[996,0][1080,2400] mVisible=true mFlags= mSideHint=RIGHT mBoundingRects=null} }
2026-04-02 18:39:06.779  6910-6910  VRI[MainAc...y]@3beb08b com.pixibeestudio.greenly            I  synced displayState. AttachInfo displayState=2
2026-04-02 18:39:06.780  6910-6910  VRI[MainAc...y]@3beb08b com.pixibeestudio.greenly            I  setView = com.android.internal.policy.DecorView@2412a5b IsHRR=false TM=true
2026-04-02 18:39:06.802  6910-6910  BLASTBufferQueue_Java   com.pixibeestudio.greenly            I  new BLASTBufferQueue, mName= VRI[MainActivity]@3beb08b mNativeObject= 0xb40000794abb9d50 sc.mNativeObject= 0xb40000784abbb890 caller= android.view.ViewRootImpl.updateBlastSurfaceIfNeeded:3397 android.view.ViewRootImpl.relayoutWindow:11361 android.view.ViewRootImpl.performTraversals:4544 android.view.ViewRootImpl.doTraversal:3708 android.view.ViewRootImpl$TraversalRunnable.run:12542 android.view.Choreographer$CallbackRecord.run:1751 android.view.Choreographer$CallbackRecord.run:1760 android.view.Choreographer.doCallbacks:1216 android.view.Choreographer.doFrame:1142 android.view.Choreographer$FrameDisplayEventReceiver.run:1707 
2026-04-02 18:39:06.802  6910-6910  BLASTBufferQueue_Java   com.pixibeestudio.greenly            I  update, w= 1080 h= 2400 mName = VRI[MainActivity]@3beb08b mNativeObject= 0xb40000794abb9d50 sc.mNativeObject= 0xb40000784abbb890 format= -1 caller= android.graphics.BLASTBufferQueue.<init>:88 android.view.ViewRootImpl.updateBlastSurfaceIfNeeded:3397 android.view.ViewRootImpl.relayoutWindow:11361 android.view.ViewRootImpl.performTraversals:4544 android.view.ViewRootImpl.doTraversal:3708 android.view.ViewRootImpl$TraversalRunnable.run:12542 
2026-04-02 18:39:06.802  6910-6910  VRI[MainAc...y]@3beb08b com.pixibeestudio.greenly            I  Relayout returned: old=(0,0,1080,2400) new=(0,0,1080,2400) relayoutAsync=false req=(1080,2400)0 dur=7 res=0x3 s={true 0xb40000790abc7cf0} ch=true seqId=0
2026-04-02 18:39:06.802  6910-6910  VRI[MainAc...y]@3beb08b com.pixibeestudio.greenly            I  performConfigurationChange setNightDimText nightDimLevel=0
2026-04-02 18:39:06.802  6910-6910  VRI[MainAc...y]@3beb08b com.pixibeestudio.greenly            D  mThreadedRenderer.initialize() mSurface={isValid=true 0xb40000790abc7cf0} hwInitialized=true
2026-04-02 18:39:06.809  6910-6910  ScrollView              com.pixibeestudio.greenly            D   onsize change changed 
2026-04-02 18:39:06.810  6910-6910  VRI[MainAc...y]@3beb08b com.pixibeestudio.greenly            D  reportNextDraw android.view.ViewRootImpl.performTraversals:5193 android.view.ViewRootImpl.doTraversal:3708 android.view.ViewRootImpl$TraversalRunnable.run:12542 android.view.Choreographer$CallbackRecord.run:1751 android.view.Choreographer$CallbackRecord.run:1760 
2026-04-02 18:39:06.810  6910-6910  VRI[MainAc...y]@3beb08b com.pixibeestudio.greenly            D  Setup new sync=wmsSync-VRI[MainActivity]@3beb08b#2
2026-04-02 18:39:06.810  6910-6910  VRI[MainAc...y]@3beb08b com.pixibeestudio.greenly            I  Creating new active sync group VRI[MainActivity]@3beb08b#3
2026-04-02 18:39:06.810  6910-6910  VRI[MainAc...y]@3beb08b com.pixibeestudio.greenly            D  registerCallbacksForSync syncBuffer=false
2026-04-02 18:39:06.813  6910-7119  VRI[MainAc...y]@3beb08b com.pixibeestudio.greenly            D  Received frameDrawingCallback syncResult=0 frameNum=1.
2026-04-02 18:39:06.813  6910-7119  VRI[MainAc...y]@3beb08b com.pixibeestudio.greenly            I  mWNT: t=0xb40000778ac12310 mBlastBufferQueue=0xb40000794abb9d50 fn= 1 HdrRenderState mRenderHdrSdrRatio=1.0 caller= android.view.ViewRootImpl$11.onFrameDraw:15016 android.view.ThreadedRenderer$1.onFrameDraw:761 <bottom of call stack> 
2026-04-02 18:39:06.814  6910-7119  VRI[MainAc...y]@3beb08b com.pixibeestudio.greenly            I  Setting up sync and frameCommitCallback
2026-04-02 18:39:06.843  6910-6984  BLASTBufferQueue        com.pixibeestudio.greenly            I  [VRI[MainActivity]@3beb08b#1](f:0,a:0,s:0) onFrameAvailable the first frame is available
2026-04-02 18:39:06.843  6910-6984  VRI[MainAc...y]@3beb08b com.pixibeestudio.greenly            I  Received frameCommittedCallback lastAttemptedDrawFrameNum=1 didProduceBuffer=true
2026-04-02 18:39:06.844  6910-6984  HWUI                    com.pixibeestudio.greenly            D  CFMS:: SetUp Pid : 6910    Tid : 6984
2026-04-02 18:39:06.844  6910-6910  VRI[MainAc...y]@3beb08b com.pixibeestudio.greenly            D  reportDrawFinished seqId=0
2026-04-02 18:39:06.844  6910-6984  HWUI                    com.pixibeestudio.greenly            D  HWUI - treat SMPTE_170M as sRGB
2026-04-02 18:39:06.845  6910-6910  ImeFocusController      com.pixibeestudio.greenly            I  onPreWindowFocus: skipped hasWindowFocus=false mHasImeFocus=true
2026-04-02 18:39:06.847  6910-6910  ImeFocusController      com.pixibeestudio.greenly            I  onPostWindowFocus: skipped hasWindowFocus=false mHasImeFocus=true
2026-04-02 18:39:06.849  6910-6910  InsetsSourceConsumer    com.pixibeestudio.greenly            I  applyRequestedVisibilityToControl: visible=true, type=navigationBars, host=com.pixibeestudio.greenly/com.pixibeestudio.greenly.ui.activity.MainActivity
2026-04-02 18:39:06.850  6910-6910  InsetsSourceConsumer    com.pixibeestudio.greenly            I  applyRequestedVisibilityToControl: visible=true, type=statusBars, host=com.pixibeestudio.greenly/com.pixibeestudio.greenly.ui.activity.MainActivity
2026-04-02 18:39:06.881  1409-1409  SurfaceFlinger          surfaceflinger                       E  alpha changed 1.000 -> 0.000 - DimTransitionLayer for Surface(name=ActivityRecord{4e53fae u0 com.pixibeestudio.greenly/.ui.activity.MainActivity t2534})/@0x3e2c530#110466
2026-04-02 18:39:06.881  1409-1409  SurfaceFlinger          surfaceflinger                       E  alpha changed 1.000 -> 0.000 - ActivityRecord{4e53fae u0 com.pixibeestudio.greenly/.ui.activity.MainActivity t2534}#110457
2026-04-02 18:39:06.881  1409-1409  SurfaceFlinger          surfaceflinger                       E  alpha changed 0.000 -> 1.000 - ActivityRecord{4e53fae u0 com.pixibeestudio.greenly/.ui.activity.MainActivity t2534}#110457
2026-04-02 18:39:06.881  1409-1409  SurfaceFlinger          surfaceflinger                       E  alpha changed 0.000 -> 0.000 - DimTransitionLayer for Surface(name=ActivityRecord{4e53fae u0 com.pixibeestudio.greenly/.ui.activity.MainActivity t2534})/@0x3e2c530#110466
2026-04-02 18:39:06.887  6910-6910  VRI[MainAc...y]@3beb08b com.pixibeestudio.greenly            D  mThreadedRenderer.initializeIfNeeded()#2 mSurface={isValid=true 0xb40000790abc7cf0}
2026-04-02 18:39:06.888  6910-6910  InputMethodManagerUtils com.pixibeestudio.greenly            D  startInputInner - Id : 0
2026-04-02 18:39:06.888  6910-6910  InputMethodManager      com.pixibeestudio.greenly            I  startInputInner - IInputMethodManagerGlobalInvoker.startInputOrWindowGainedFocus
2026-04-02 18:39:06.891  6910-7352  InputTransport          com.pixibeestudio.greenly            D  Input channel constructed: 'ClientS', fd=176
2026-04-02 18:39:06.901  6910-6910  InsetsSourceConsumer    com.pixibeestudio.greenly            I  applyRequestedVisibilityToControl: visible=false, type=ime, host=com.pixibeestudio.greenly/com.pixibeestudio.greenly.ui.activity.MainActivity
2026-04-02 18:39:06.915  1409-1409  SurfaceFlinger          surfaceflinger                       E  alpha changed 0.000 -> 0.020 - DimTransitionLayer for Surface(name=ActivityRecord{4e53fae u0 com.pixibeestudio.greenly/.ui.activity.MainActivity t2534})/@0x3e2c530#110466
2026-04-02 18:39:07.348  6910-6910  VRI[MainAc...y]@aa69654 com.pixibeestudio.greenly            I  handleAppVisibility mAppVisible = true visible = false
2026-04-02 18:39:07.348  6910-6910  VRI[MainAc...y]@aa69654 com.pixibeestudio.greenly            D  visibilityChanged oldVisibility=true newVisibility=false
2026-04-02 18:39:07.349  6910-6910  VRI[MainAc...y]@aa69654 com.pixibeestudio.greenly            I  stopped(true) old = false
2026-04-02 18:39:07.349  6910-6910  VRI[MainAc...y]@aa69654 com.pixibeestudio.greenly            D  WindowStopped on com.pixibeestudio.greenly/com.pixibeestudio.greenly.ui.activity.MainActivity set to true
2026-04-02 18:39:07.357  6910-6910  WindowOnBackDispatcher  com.pixibeestudio.greenly            W  sendCancelIfRunning: isInProgress=false callback=androidx.navigationevent.OnBackInvokedInput$createOnBackAnimationCallback$1@8bb0949
2026-04-02 18:39:07.360  6910-6910  WindowOnBackDispatcher  com.pixibeestudio.greenly            W  sendCancelIfRunning: isInProgress=false callback=android.app.Activity$$ExternalSyntheticLambda0@6a73bb5
2026-04-02 18:39:07.372  6910-6910  VRI[MainAc...y]@aa69654 com.pixibeestudio.greenly            I  dispatchDetachedFromWindow
2026-04-02 18:39:07.376  6910-6910  InputTransport          com.pixibeestudio.greenly            D  Input channel destroyed: '7307d1 ', fd=125
2026-04-02 18:39:07.377  6910-6910  VRI[MainAc...y]@aa69654 com.pixibeestudio.greenly            D  Pending transaction will not be applied in sync with a draw due to shutting down VRI
2026-04-02 18:39:08.744  6910-6910  VRI[MainAc...y]@3beb08b com.pixibeestudio.greenly            I  ViewPostIme pointer 0
2026-04-02 18:39:08.746  6910-6910  VRI[MainAc...y]@3beb08b com.pixibeestudio.greenly            I  call setFrameRateCategory for touch hint category=high hint, reason=touch, vri=VRI[MainActivity]@3beb08b
2026-04-02 18:39:09.002  6910-6910  VRI[MainAc...y]@3beb08b com.pixibeestudio.greenly            I  ViewPostIme pointer 1
2026-04-02 18:39:10.502  6910-6910  VRI[MainAc...y]@3beb08b com.pixibeestudio.greenly            I  ViewPostIme pointer 0
2026-04-02 18:39:10.509  6910-6910  VRI[MainAc...y]@3beb08b com.pixibeestudio.greenly            I  ViewPostIme pointer 1
2026-04-02 18:39:11.867  6910-6910  VRI[MainAc...y]@3beb08b com.pixibeestudio.greenly            I  ViewPostIme pointer 0
2026-04-02 18:39:11.949  6910-6910  VRI[MainAc...y]@3beb08b com.pixibeestudio.greenly            I  ViewPostIme pointer 1
2026-04-02 18:39:12.009  6910-6910  RecyclerView            com.pixibeestudio.greenly            W  No adapter attached; skipping layout
2026-04-02 18:39:14.226  6910-6910  VRI[MainAc...y]@3beb08b com.pixibeestudio.greenly            I  ViewPostIme pointer 0
2026-04-02 18:39:14.384  6910-6910  VRI[MainAc...y]@3beb08b com.pixibeestudio.greenly            I  ViewPostIme pointer 1
2026-04-02 18:39:17.385  6910-6910  VRI[MainAc...y]@3beb08b com.pixibeestudio.greenly            I  call setFrameRateCategory for touch hint category=no preference, reason=boost timeout, vri=VRI[MainActivity]@3beb08b
2026-04-02 18:39:17.800  6910-6910  VRI[MainAc...y]@3beb08b com.pixibeestudio.greenly            I  ViewPostIme pointer 0
2026-04-02 18:39:17.800  6910-6910  VRI[MainAc...y]@3beb08b com.pixibeestudio.greenly            I  call setFrameRateCategory for touch hint category=high hint, reason=touch, vri=VRI[MainActivity]@3beb08b
2026-04-02 18:39:17.874  6910-6910  VRI[MainAc...y]@3beb08b com.pixibeestudio.greenly            I  ViewPostIme pointer 1
2026-04-02 18:39:20.879  6910-6910  VRI[MainAc...y]@3beb08b com.pixibeestudio.greenly            I  call setFrameRateCategory for touch hint category=no preference, reason=boost timeout, vri=VRI[MainActivity]@3beb08b
2026-04-02 18:39:21.824  6910-6910  VRI[MainAc...y]@3beb08b com.pixibeestudio.greenly            I  ViewPostIme pointer 0
2026-04-02 18:39:21.825  6910-6910  VRI[MainAc...y]@3beb08b com.pixibeestudio.greenly            I  call setFrameRateCategory for touch hint category=high hint, reason=touch, vri=VRI[MainActivity]@3beb08b
2026-04-02 18:39:21.884  6910-6910  VRI[MainAc...y]@3beb08b com.pixibeestudio.greenly            I  ViewPostIme pointer 1
2026-04-02 18:39:22.763  6910-6910  VRI[MainAc...y]@3beb08b com.pixibeestudio.greenly            I  ViewPostIme pointer 0
2026-04-02 18:39:22.963  6910-6910  VRI[MainAc...y]@3beb08b com.pixibeestudio.greenly            I  ViewPostIme pointer 1
2026-04-02 18:39:25.968  6910-6910  VRI[MainAc...y]@3beb08b com.pixibeestudio.greenly            I  call setFrameRateCategory for touch hint category=no preference, reason=boost timeout, vri=VRI[MainActivity]@3beb08b
2026-04-02 18:39:26.039  6910-6910  VRI[MainAc...y]@3beb08b com.pixibeestudio.greenly            I  ViewPostIme pointer 0
2026-04-02 18:39:26.040  6910-6910  VRI[MainAc...y]@3beb08b com.pixibeestudio.greenly            I  call setFrameRateCategory for touch hint category=high hint, reason=touch, vri=VRI[MainActivity]@3beb08b
2026-04-02 18:39:26.244  6910-6910  VRI[MainAc...y]@3beb08b com.pixibeestudio.greenly            I  ViewPostIme pointer 1
2026-04-02 18:39:29.245  6910-6910  VRI[MainAc...y]@3beb08b com.pixibeestudio.greenly            I  call setFrameRateCategory for touch hint category=no preference, reason=boost timeout, vri=VRI[MainActivity]@3beb08b
2026-04-02 18:39:30.392  6910-6910  VRI[MainAc...y]@3beb08b com.pixibeestudio.greenly            I  ViewPostIme pointer 0
2026-04-02 18:39:30.393  6910-6910  VRI[MainAc...y]@3beb08b com.pixibeestudio.greenly            I  call setFrameRateCategory for touch hint category=high hint, reason=touch, vri=VRI[MainActivity]@3beb08b
2026-04-02 18:39:30.495  6910-6910  VRI[MainAc...y]@3beb08b com.pixibeestudio.greenly            I  ViewPostIme pointer 1
2026-04-02 18:39:31.400  6910-6910  VRI[MainAc...y]@3beb08b com.pixibeestudio.greenly            I  ViewPostIme pointer 0
2026-04-02 18:39:31.467  6910-6910  VRI[MainAc...y]@3beb08b com.pixibeestudio.greenly            I  ViewPostIme pointer 1
2026-04-02 18:39:31.516  6910-6910  RecyclerView            com.pixibeestudio.greenly            W  No adapter attached; skipping layout
2026-04-02 18:39:32.046  6910-6910  VRI[MainAc...y]@3beb08b com.pixibeestudio.greenly            I  ViewPostIme pointer 0
2026-04-02 18:39:32.187  6910-6910  VRI[MainAc...y]@3beb08b com.pixibeestudio.greenly            I  ViewPostIme pointer 1
2026-04-02 18:39:32.672  6910-6910  VRI[MainAc...y]@3beb08b com.pixibeestudio.greenly            I  ViewPostIme pointer 0
2026-04-02 18:39:32.747  6910-6910  VRI[MainAc...y]@3beb08b com.pixibeestudio.greenly            I  ViewPostIme pointer 1
2026-04-02 18:39:35.734  6910-6910  VRI[MainAc...y]@3beb08b com.pixibeestudio.greenly            I  ViewPostIme pointer 0
2026-04-02 18:39:35.749  6910-6910  VRI[MainAc...y]@3beb08b com.pixibeestudio.greenly            I  call setFrameRateCategory for touch hint category=no preference, reason=boost timeout, vri=VRI[MainActivity]@3beb08b
2026-04-02 18:39:35.787  6910-6910  VRI[MainAc...y]@3beb08b com.pixibeestudio.greenly            I  call setFrameRateCategory for touch hint category=high hint, reason=touch, vri=VRI[MainActivity]@3beb08b
2026-04-02 18:39:35.787  6910-6910  VRI[MainAc...y]@3beb08b com.pixibeestudio.greenly            I  ViewPostIme pointer 1
2026-04-02 18:39:37.343  6910-6910  VRI[MainAc...y]@3beb08b com.pixibeestudio.greenly            I  ViewPostIme pointer 0
2026-04-02 18:39:37.434  6910-6910  VRI[MainAc...y]@3beb08b com.pixibeestudio.greenly            I  ViewPostIme pointer 1
2026-04-02 18:39:37.474  6910-6910  ScrollView              com.pixibeestudio.greenly            D  initGoToTop
2026-04-02 18:39:37.482  6910-6910  WindowOnBackDispatcher  com.pixibeestudio.greenly            W  sendCancelIfRunning: isInProgress=false callback=androidx.navigationevent.OnBackInvokedInput$createOnBackAnimationCallback$1@ffad739
2026-04-02 18:39:37.496  6910-6910  ScrollView              com.pixibeestudio.greenly            D   onsize change changed 
2026-04-02 18:39:40.436  6910-6910  VRI[MainAc...y]@3beb08b com.pixibeestudio.greenly            I  call setFrameRateCategory for touch hint category=no preference, reason=boost timeout, vri=VRI[MainActivity]@3beb08b
2026-04-02 18:39:57.467  6910-6910  Choreographer           com.pixibeestudio.greenly            W  Frame time is 0.094007 ms in the future!  Check that graphics HAL is generating vsync timestamps using the correct timebase.
2026-04-02 18:40:23.860  6910-6910  VRI[MainAc...y]@3beb08b com.pixibeestudio.greenly            I  ViewPostIme pointer 0
2026-04-02 18:40:23.861  6910-6910  VRI[MainAc...y]@3beb08b com.pixibeestudio.greenly            I  call setFrameRateCategory for touch hint category=high hint, reason=touch, vri=VRI[MainActivity]@3beb08b
2026-04-02 18:40:23.910  6910-6910  VRI[MainAc...y]@3beb08b com.pixibeestudio.greenly            I  ViewPostIme pointer 1
2026-04-02 18:40:24.280  6910-6910  Toast                   com.pixibeestudio.greenly            I  show: caller = com.pixibeestudio.greenly.ui.fragment.shipper.ShipperDashboardFragment.lambda$observeViewModel$5$com-pixibeestudio-greenly-ui-fragment-shipper-ShipperDashboardFragment:220 
2026-04-02 18:40:24.281  6910-6910  Toast                   com.pixibeestudio.greenly            I  show: isDexDualMode = false
2026-04-02 18:40:24.281  6910-6910  Toast                   com.pixibeestudio.greenly            I  show: contextDispId = 0 mCustomDisplayId = -1 focusedDisplayId = 0 isActivityContext = true
2026-04-02 18:40:26.910  6910-6910  VRI[MainAc...y]@3beb08b com.pixibeestudio.greenly            I  call setFrameRateCategory for touch hint category=no preference, reason=boost timeout, vri=VRI[MainActivity]@3beb08b
2026-04-02 18:41:02.715  6910-6910  VRI[MainAc...y]@3beb08b com.pixibeestudio.greenly            I  ViewPostIme pointer 0
2026-04-02 18:41:02.718  6910-6910  VRI[MainAc...y]@3beb08b com.pixibeestudio.greenly            I  call setFrameRateCategory for touch hint category=high hint, reason=touch, vri=VRI[MainActivity]@3beb08b
2026-04-02 18:41:02.778  6910-6910  VRI[MainAc...y]@3beb08b com.pixibeestudio.greenly            I  ViewPostIme pointer 1
2026-04-02 18:41:02.833  6910-6910  Choreographer           com.pixibeestudio.greenly            W  Frame time is 0.125491 ms in the future!  Check that graphics HAL is generating vsync timestamps using the correct timebase.
2026-04-02 18:41:03.203  6910-6910  Toast                   com.pixibeestudio.greenly            I  show: caller = com.pixibeestudio.greenly.ui.fragment.shipper.ShipperPickupFragment.lambda$onViewCreated$2$com-pixibeestudio-greenly-ui-fragment-shipper-ShipperPickupFragment:102 
2026-04-02 18:41:03.204  6910-6910  Toast                   com.pixibeestudio.greenly            I  show: isDexDualMode = false
2026-04-02 18:41:03.204  6910-6910  Toast                   com.pixibeestudio.greenly            I  show: contextDispId = 0 mCustomDisplayId = -1 focusedDisplayId = 0 isActivityContext = true
2026-04-02 18:41:05.259  6910-6910  VRI[MainAc...y]@3beb08b com.pixibeestudio.greenly            I  ViewPostIme pointer 0
2026-04-02 18:41:05.290  6910-6910  VRI[MainAc...y]@3beb08b com.pixibeestudio.greenly            I  ViewPostIme pointer 1
2026-04-02 18:41:05.308  6910-6910  SingleLiveEvent         com.pixibeestudio.greenly            W  Multiple observers registered but only one will be notified of changes.
2026-04-02 18:41:08.291  6910-6910  VRI[MainAc...y]@3beb08b com.pixibeestudio.greenly            I  call setFrameRateCategory for touch hint category=no preference, reason=boost timeout, vri=VRI[MainActivity]@3beb08b
2026-04-02 18:41:28.152  6910-6910  VRI[MainAc...y]@3beb08b com.pixibeestudio.greenly            I  ViewPostIme pointer 0
2026-04-02 18:41:28.154  6910-6910  VRI[MainAc...y]@3beb08b com.pixibeestudio.greenly            I  call setFrameRateCategory for touch hint category=high hint, reason=touch, vri=VRI[MainActivity]@3beb08b
2026-04-02 18:41:28.230  6910-6910  VRI[MainAc...y]@3beb08b com.pixibeestudio.greenly            I  ViewPostIme pointer 1
2026-04-02 18:41:28.313  6910-6910  ImeFocusController      com.pixibeestudio.greenly            I  onPreWindowFocus: skipped hasWindowFocus=false mHasImeFocus=true
2026-04-02 18:41:28.315  6910-6910  ImeFocusController      com.pixibeestudio.greenly            I  onPostWindowFocus: skipped hasWindowFocus=false mHasImeFocus=true
2026-04-02 18:41:28.725  6910-6910  InputTransport          com.pixibeestudio.greenly            D  Input channel destroyed: 'ClientS', fd=146
2026-04-02 18:41:28.821  6910-6910  VRI[MainAc...y]@3beb08b com.pixibeestudio.greenly            I  handleAppVisibility mAppVisible = true visible = false
2026-04-02 18:41:28.821  6910-6910  VRI[MainAc...y]@3beb08b com.pixibeestudio.greenly            D  visibilityChanged oldVisibility=true newVisibility=false
2026-04-02 18:41:28.837  6910-6984  HWUI                    com.pixibeestudio.greenly            D  CacheManager::trimMemory(20)
2026-04-02 18:41:28.843  6910-6910  VRI[MainAc...y]@3beb08b com.pixibeestudio.greenly            I  Relayout returned: old=(0,0,1080,2400) new=(0,0,1080,2400) relayoutAsync=false req=(1080,2400)8 dur=3 res=0x2 s={false 0x0} ch=true seqId=0
2026-04-02 18:41:28.843  6910-6910  VRI[MainAc...y]@3beb08b com.pixibeestudio.greenly            D  Not drawing due to not visible. Reason=!mAppVisible && !mForceDecorViewVisibility
2026-04-02 18:41:28.845  6910-6984  HWUI                    com.pixibeestudio.greenly            D  CacheManager::trimMemory(20)
2026-04-02 18:41:28.846  6910-6910  VRI[MainAc...y]@3beb08b com.pixibeestudio.greenly            I  stopped(true) old = false
2026-04-02 18:41:28.847  6910-6910  VRI[MainAc...y]@3beb08b com.pixibeestudio.greenly            D  WindowStopped on com.pixibeestudio.greenly/com.pixibeestudio.greenly.ui.activity.MainActivity set to true
2026-04-02 18:41:28.847  6910-6984  HWUI                    com.pixibeestudio.greenly            D  CacheManager::trimMemory(20)
2026-04-02 18:41:28.851  6910-6910  WindowOnBackDispatcher  com.pixibeestudio.greenly            W  sendCancelIfRunning: isInProgress=false callback=androidx.navigationevent.OnBackInvokedInput$createOnBackAnimationCallback$1@ffad739
2026-04-02 18:41:28.884  1760-4466  WindowManager           system_server                        E  win=Window{6d2470d u0 com.pixibeestudio.greenly/com.pixibeestudio.greenly.ui.activity.MainActivity} destroySurfaces: appStopped=true cleanupOnResume=false win.mWindowRemovalAllowed=false win.mRemoveOnExit=false win.mViewVisibility=8 caller=com.android.server.wm.ActivityRecord.destroySurfaces:25 com.android.server.wm.ActivityRecord.activityStopped:204 com.android.server.wm.ActivityClientController.activityStopped:95 android.app.IActivityClientController$Stub.onTransact:722 com.android.server.wm.ActivityClientController.onTransact:1 android.os.Binder.execTransactInternal:1541 android.os.Binder.execTransact:1480 
2026-04-02 18:41:31.199  6910-6984  HWUI                    com.pixibeestudio.greenly            D  CacheManager::trimMemory(40)
2026-04-02 18:41:31.294  6910-6917  InputTransport          com.pixibeestudio.greenly            D  Input channel destroyed: 'ClientS', fd=176
2026-04-02 18:41:31.306  6910-6917  InputTransport          com.pixibeestudio.greenly            D  Input channel destroyed: 'ClientS', fd=152
2026-04-02 18:41:32.375  6910-6910  VRI[MainAc...y]@3beb08b com.pixibeestudio.greenly            I  handleAppVisibility mAppVisible = false visible = true
2026-04-02 18:41:32.376  6910-6910  VRI[MainAc...y]@3beb08b com.pixibeestudio.greenly            I  stopped(false) old = true
2026-04-02 18:41:32.376  6910-6910  VRI[MainAc...y]@3beb08b com.pixibeestudio.greenly            D  WindowStopped on com.pixibeestudio.greenly/com.pixibeestudio.greenly.ui.activity.MainActivity set to false
2026-04-02 18:41:32.421  6910-6910  InsetsSourceConsumer    com.pixibeestudio.greenly            I  applyRequestedVisibilityToControl: visible=true, type=navigationBars, host=com.pixibeestudio.greenly/com.pixibeestudio.greenly.ui.activity.MainActivity
2026-04-02 18:41:32.421  6910-6910  InsetsSourceConsumer    com.pixibeestudio.greenly            I  applyRequestedVisibilityToControl: visible=true, type=statusBars, host=com.pixibeestudio.greenly/com.pixibeestudio.greenly.ui.activity.MainActivity
2026-04-02 18:41:32.422  6910-6910  BLASTBufferQueue_Java   com.pixibeestudio.greenly            I  new BLASTBufferQueue, mName= VRI[MainActivity]@3beb08b mNativeObject= 0xb40000794abb93f0 sc.mNativeObject= 0xb40000784abc71d0 caller= android.view.ViewRootImpl.updateBlastSurfaceIfNeeded:3397 android.view.ViewRootImpl.relayoutWindow:11361 android.view.ViewRootImpl.performTraversals:4544 android.view.ViewRootImpl.doTraversal:3708 android.view.ViewRootImpl$TraversalRunnable.run:12542 android.view.Choreographer$CallbackRecord.run:1751 android.view.Choreographer$CallbackRecord.run:1760 android.view.Choreographer.doCallbacks:1216 android.view.Choreographer.doFrame:1142 android.view.Choreographer$FrameDisplayEventReceiver.run:1707 
2026-04-02 18:41:32.422  6910-6910  BLASTBufferQueue_Java   com.pixibeestudio.greenly            I  update, w= 1080 h= 2400 mName = VRI[MainActivity]@3beb08b mNativeObject= 0xb40000794abb93f0 sc.mNativeObject= 0xb40000784abc71d0 format= -1 caller= android.graphics.BLASTBufferQueue.<init>:88 android.view.ViewRootImpl.updateBlastSurfaceIfNeeded:3397 android.view.ViewRootImpl.relayoutWindow:11361 android.view.ViewRootImpl.performTraversals:4544 android.view.ViewRootImpl.doTraversal:3708 android.view.ViewRootImpl$TraversalRunnable.run:12542 
2026-04-02 18:41:32.422  6910-6910  VRI[MainAc...y]@3beb08b com.pixibeestudio.greenly            I  Relayout returned: old=(0,0,1080,2400) new=(0,0,1080,2400) relayoutAsync=false req=(1080,2400)0 dur=4 res=0x3 s={true 0xb40000790abc7cf0} ch=true seqId=0
2026-04-02 18:41:32.422  6910-6910  VRI[MainAc...y]@3beb08b com.pixibeestudio.greenly            D  mThreadedRenderer.initialize() mSurface={isValid=true 0xb40000790abc7cf0} hwInitialized=true
2026-04-02 18:41:32.424  6910-6910  VRI[MainAc...y]@3beb08b com.pixibeestudio.greenly            D  reportNextDraw android.view.ViewRootImpl.performTraversals:5193 android.view.ViewRootImpl.doTraversal:3708 android.view.ViewRootImpl$TraversalRunnable.run:12542 android.view.Choreographer$CallbackRecord.run:1751 android.view.Choreographer$CallbackRecord.run:1760 
2026-04-02 18:41:32.424  6910-6910  VRI[MainAc...y]@3beb08b com.pixibeestudio.greenly            D  Setup new sync=wmsSync-VRI[MainActivity]@3beb08b#4
2026-04-02 18:41:32.425  6910-6910  VRI[MainAc...y]@3beb08b com.pixibeestudio.greenly            I  Creating new active sync group VRI[MainActivity]@3beb08b#5
2026-04-02 18:41:32.425  6910-6910  VRI[MainAc...y]@3beb08b com.pixibeestudio.greenly            D  Start draw after previous draw not visible
2026-04-02 18:41:32.432  6910-6910  VRI[MainAc...y]@3beb08b com.pixibeestudio.greenly            D  registerCallbacksForSync syncBuffer=false
2026-04-02 18:41:32.436  6910-7120  VRI[MainAc...y]@3beb08b com.pixibeestudio.greenly            D  Received frameDrawingCallback syncResult=0 frameNum=1.
2026-04-02 18:41:32.436  6910-7120  VRI[MainAc...y]@3beb08b com.pixibeestudio.greenly            I  mWNT: t=0xb40000778ac4b2d0 mBlastBufferQueue=0xb40000794abb93f0 fn= 1 HdrRenderState mRenderHdrSdrRatio=1.0 caller= android.view.ViewRootImpl$11.onFrameDraw:15016 android.view.ThreadedRenderer$1.onFrameDraw:761 <bottom of call stack> 
2026-04-02 18:41:32.436  6910-7120  VRI[MainAc...y]@3beb08b com.pixibeestudio.greenly            I  Setting up sync and frameCommitCallback
2026-04-02 18:41:32.443  6910-6984  BLASTBufferQueue        com.pixibeestudio.greenly            I  [VRI[MainActivity]@3beb08b#2](f:0,a:0,s:0) onFrameAvailable the first frame is available
2026-04-02 18:41:32.444  6910-6984  VRI[MainAc...y]@3beb08b com.pixibeestudio.greenly            I  Received frameCommittedCallback lastAttemptedDrawFrameNum=1 didProduceBuffer=true
2026-04-02 18:41:32.444  6910-6910  VRI[MainAc...y]@3beb08b com.pixibeestudio.greenly            D  reportDrawFinished seqId=0
2026-04-02 18:41:32.472  6910-6910  VRI[MainAc...y]@3beb08b com.pixibeestudio.greenly            D  mThreadedRenderer.initializeIfNeeded()#2 mSurface={isValid=true 0xb40000790abc7cf0}
2026-04-02 18:41:32.473  6910-6910  InputMethodManagerUtils com.pixibeestudio.greenly            D  startInputInner - Id : 0
2026-04-02 18:41:32.473  6910-6910  InputMethodManager      com.pixibeestudio.greenly            I  startInputInner - IInputMethodManagerGlobalInvoker.startInputOrWindowGainedFocus
2026-04-02 18:41:32.478  6910-6937  InputTransport          com.pixibeestudio.greenly            D  Input channel constructed: 'ClientS', fd=141
2026-04-02 18:41:32.487  6910-6910  InsetsSourceConsumer    com.pixibeestudio.greenly            I  applyRequestedVisibilityToControl: visible=false, type=ime, host=com.pixibeestudio.greenly/com.pixibeestudio.greenly.ui.activity.MainActivity
2026-04-02 18:41:32.491  6910-6910  VRI[MainAc...y]@3beb08b com.pixibeestudio.greenly            I  handleResized, frames=ClientWindowFrames{frame=[0,0][1080,2400] display=[0,0][1080,2400] parentFrame=[0,0][0,0]} displayId=0 dragResizing=false compatScale=1.0 frameChanged=false attachedFrameChanged=false configChanged=false displayChanged=false compatScaleChanged=false dragResizingChanged=false
2026-04-02 18:41:34.175  6910-6910  VRI[MainAc...y]@3beb08b com.pixibeestudio.greenly            I  ViewPostIme pointer 0
2026-04-02 18:41:34.176  6910-6910  VRI[MainAc...y]@3beb08b com.pixibeestudio.greenly            I  call setFrameRateCategory for touch hint category=high hint, reason=touch, vri=VRI[MainActivity]@3beb08b
2026-04-02 18:41:34.311  6910-6910  VRI[MainAc...y]@3beb08b com.pixibeestudio.greenly            I  ViewPostIme pointer 1
2026-04-02 18:41:37.313  6910-6910  VRI[MainAc...y]@3beb08b com.pixibeestudio.greenly            I  call setFrameRateCategory for touch hint category=no preference, reason=boost timeout, vri=VRI[MainActivity]@3beb08b
2026-04-02 18:41:42.058  6910-6910  VRI[MainAc...y]@3beb08b com.pixibeestudio.greenly            I  ViewPostIme pointer 0
2026-04-02 18:41:42.059  6910-6910  VRI[MainAc...y]@3beb08b com.pixibeestudio.greenly            I  call setFrameRateCategory for touch hint category=high hint, reason=touch, vri=VRI[MainActivity]@3beb08b
2026-04-02 18:41:42.117  6910-6910  VRI[MainAc...y]@3beb08b com.pixibeestudio.greenly            I  ViewPostIme pointer 1
2026-04-02 18:41:42.125  6910-6910  Dialog                  com.pixibeestudio.greenly            I  mIsDeviceDefault = false, mIsSamsungBasicInteraction = false, isMetaDataInActivity = false
2026-04-02 18:41:42.129  6910-6910  DecorView               com.pixibeestudio.greenly            I  setWindowBackground: isPopOver=false color=fff1f1f3 d=android.graphics.drawable.InsetDrawable@2389afc
2026-04-02 18:41:42.135  6910-6910  ScrollView              com.pixibeestudio.greenly            D  initGoToTop
2026-04-02 18:41:42.139  6910-6910  ScrollView              com.pixibeestudio.greenly            D  initGoToTop
2026-04-02 18:41:42.147  6910-6910  Settings                com.pixibeestudio.greenly            W  Setting show_button_background has moved from android.provider.Settings.System to android.provider.Settings.Global, returning read-only value.
2026-04-02 18:41:42.149  6910-6910  WindowManager           com.pixibeestudio.greenly            I  WindowManagerGlobal#addView, ty=2, view=com.android.internal.policy.DecorView{fe71e56 V.E...... R.....I. 0,0-0,0}[MainActivity], caller=android.view.WindowManagerImpl.addView:158 android.app.Dialog.show:511 android.app.AlertDialog$Builder.show:1153 
2026-04-02 18:41:42.151  6910-6910  ViewRootImpl            com.pixibeestudio.greenly            I  dVRR is disabled
2026-04-02 18:41:42.157  6910-6984  NativeCust...ncyManager com.pixibeestudio.greenly            D  [NativeCFMS] BpCustomFrequencyManager::BpCustomFrequencyManager()
2026-04-02 18:41:42.162  6910-6910  InputTransport          com.pixibeestudio.greenly            D  Input channel constructed: 'f964f04', fd=153
2026-04-02 18:41:42.162  6910-6910  InsetsController        com.pixibeestudio.greenly            I  onStateChanged: host=com.pixibeestudio.greenly/com.pixibeestudio.greenly.ui.activity.MainActivity, from=android.view.ViewRootImpl.setView:1999, state=InsetsState: {mDisplayFrame=Rect(0, 0 - 1080, 2400), mDisplayCutout=DisplayCutout{insets=Rect(0, 75 - 0, 0) waterfall=Insets{left=0, top=0, right=0, bottom=0} boundingRect={Bounds=[Rect(0, 0 - 0, 0), Rect(512, 0 - 569, 75), Rect(0, 0 - 0, 0), Rect(0, 0 - 0, 0)]} cutoutPathParserInfo={CutoutPathParserInfo{displayWidth=1080 displayHeight=2400 physicalDisplayWidth=1080 physicalDisplayHeight=2400 density={2.8125} cutoutSpec={M 0, 0 H -10.13333333333333 V 26.66666666666667 H 10.13333333333333 V 0 H 0 Z @dp} rotation={0} scale={1.0} physicalPixelDisplaySizeRatio={1.0}}} sideOverrides={}}, mRoundedCorners=RoundedCorners{[RoundedCorner{position=TopLeft, radius=101, center=Point(101, 101)}, RoundedCorner{position=TopRight, radius=101, center=Point(979, 101)}, RoundedCorner{position=BottomRight, radius=101, center=Point(979, 2299)}, RoundedCorner{position=BottomLeft, radius=101, center=Point(101, 2299)}]}  mRoundedCornerFrame=Rect(0, 0 - 1080, 2400), mPrivacyIndicatorBounds=PrivacyIndicatorBounds {static bounds=Rect(956, 0 - 1080, 75) rotation=0}, mDisplayShape=DisplayShape{ spec=-311912193 displayWidth=1080 displayHeight=2400 physicalPixelDisplaySizeRatio=1.0 rotation=0 offsetX=0 offsetY=0 scale=1.0}, mSources= { InsetsSource: {f6b00000 mType=statusBars mFrame=[0,0][1080,75] mVisible=true mFlags= mSideHint=TOP mBoundingRects=null}, InsetsSource: {f6b00005 mType=mandatorySystemGestures mFrame=[0,0][1080,109] mVisible=true mFlags= mSideHint=TOP mBoundingRects=null}, InsetsSource: {f6b00006 mType=tappableElement mFrame=[0,0][1080,75] mVisible=true mFlags= mSideHint=TOP mBoundingRects=null}, InsetsSource: {27 mType=displayCutout mFrame=[0,0][1080,75] mVisible=true mFlags= mSideHint=TOP mBoundingRects=null}, InsetsSource: {1bea0001 mType=navigationBars mFrame=[0,2358][1080,2400] mVisible=true mFlags=SUPPRESS_SCRIM mSideHint=BOTTOM mBoundingRects=null}, InsetsSource: {1bea0004 mType=systemGestures mFrame=[0,0][84,2400] mVisible=true mFlags= mSideHint=LEFT mBoundingRects=null}, InsetsSource: {1bea0005 mType=mandatorySystemGestures mFrame=[0,2310][1080,2400] mVisible=true mFlags= mSideHint=BOTTOM mBoundingRects=null}, InsetsSource: {1bea0006 mType=tappableElement mFrame=[0,0][0,0] mVisible=true mFlags= mSideHint=NONE mBoundingRects=null}, InsetsSource: {1bea0024 mType=systemGestures mFrame=[996,0][1080,2400] mVisible=true mFlags= mSideHint=RIGHT mBoundingRects=null} }
2026-04-02 18:41:42.163  6910-6910  VRI[MainAc...y]@d2a4ed7 com.pixibeestudio.greenly            I  synced displayState. AttachInfo displayState=2
2026-04-02 18:41:42.163  6910-6910  VRI[MainAc...y]@d2a4ed7 com.pixibeestudio.greenly            I  setView = com.android.internal.policy.DecorView@fe71e56 IsHRR=false TM=true
2026-04-02 18:41:42.175  6910-6910  BLASTBufferQueue_Java   com.pixibeestudio.greenly            I  new BLASTBufferQueue, mName= VRI[MainActivity]@d2a4ed7 mNativeObject= 0xb40000794abb9d50 sc.mNativeObject= 0xb40000784abb7990 caller= android.view.ViewRootImpl.updateBlastSurfaceIfNeeded:3397 android.view.ViewRootImpl.relayoutWindow:11361 android.view.ViewRootImpl.performTraversals:4544 android.view.ViewRootImpl.doTraversal:3708 android.view.ViewRootImpl$TraversalRunnable.run:12542 android.view.Choreographer$CallbackRecord.run:1751 android.view.Choreographer$CallbackRecord.run:1760 android.view.Choreographer.doCallbacks:1216 android.view.Choreographer.doFrame:1142 android.view.Choreographer$FrameDisplayEventReceiver.run:1707 
2026-04-02 18:41:42.175  6910-6910  BLASTBufferQueue_Java   com.pixibeestudio.greenly            I  update, w= 1206 h= 712 mName = VRI[MainActivity]@d2a4ed7 mNativeObject= 0xb40000794abb9d50 sc.mNativeObject= 0xb40000784abb7990 format= -3 caller= android.graphics.BLASTBufferQueue.<init>:88 android.view.ViewRootImpl.updateBlastSurfaceIfNeeded:3397 android.view.ViewRootImpl.relayoutWindow:11361 android.view.ViewRootImpl.performTraversals:4544 android.view.ViewRootImpl.doTraversal:3708 android.view.ViewRootImpl$TraversalRunnable.run:12542 
2026-04-02 18:41:42.176  6910-6910  VRI[MainAc...y]@d2a4ed7 com.pixibeestudio.greenly            I  Relayout returned: old=(0,75,1080,2358) new=(27,950,1053,1482) relayoutAsync=false req=(1026,532)0 dur=7 res=0x3 s={true 0xb40000790abfae70} ch=true seqId=0
2026-04-02 18:41:42.176  6910-6910  VRI[MainAc...y]@d2a4ed7 com.pixibeestudio.greenly            I  performConfigurationChange setNightDimText nightDimLevel=0
2026-04-02 18:41:42.176  6910-6910  VRI[MainAc...y]@d2a4ed7 com.pixibeestudio.greenly            D  mThreadedRenderer.initialize() mSurface={isValid=true 0xb40000790abfae70} hwInitialized=true
2026-04-02 18:41:42.177  6910-6910  ScrollView              com.pixibeestudio.greenly            D   onsize change changed 
2026-04-02 18:41:42.177  6910-6910  ScrollView              com.pixibeestudio.greenly            D   onsize change changed 
2026-04-02 18:41:42.178  6910-6910  VRI[MainAc...y]@d2a4ed7 com.pixibeestudio.greenly            D  reportNextDraw android.view.ViewRootImpl.performTraversals:5193 android.view.ViewRootImpl.doTraversal:3708 android.view.ViewRootImpl$TraversalRunnable.run:12542 android.view.Choreographer$CallbackRecord.run:1751 android.view.Choreographer$CallbackRecord.run:1760 
2026-04-02 18:41:42.178  6910-6910  VRI[MainAc...y]@d2a4ed7 com.pixibeestudio.greenly            D  Setup new sync=wmsSync-VRI[MainActivity]@d2a4ed7#6
2026-04-02 18:41:42.178  6910-6910  VRI[MainAc...y]@d2a4ed7 com.pixibeestudio.greenly            I  Creating new active sync group VRI[MainActivity]@d2a4ed7#7
2026-04-02 18:41:42.178  6910-6910  VRI[MainAc...y]@d2a4ed7 com.pixibeestudio.greenly            D  registerCallbacksForSync syncBuffer=false
2026-04-02 18:41:42.182  6910-7119  VRI[MainAc...y]@d2a4ed7 com.pixibeestudio.greenly            D  Received frameDrawingCallback syncResult=0 frameNum=1.
2026-04-02 18:41:42.182  6910-7119  VRI[MainAc...y]@d2a4ed7 com.pixibeestudio.greenly            I  mWNT: t=0xb40000778ac0bd90 mBlastBufferQueue=0xb40000794abb9d50 fn= 1 HdrRenderState mRenderHdrSdrRatio=1.0 caller= android.view.ViewRootImpl$11.onFrameDraw:15016 android.view.ThreadedRenderer$1.onFrameDraw:761 <bottom of call stack> 
2026-04-02 18:41:42.182  6910-7119  VRI[MainAc...y]@d2a4ed7 com.pixibeestudio.greenly            I  Setting up sync and frameCommitCallback
2026-04-02 18:41:42.184  6910-6984  BLASTBufferQueue        com.pixibeestudio.greenly            I  [VRI[MainActivity]@d2a4ed7#3](f:0,a:0,s:0) onFrameAvailable the first frame is available
2026-04-02 18:41:42.184  6910-6984  VRI[MainAc...y]@d2a4ed7 com.pixibeestudio.greenly            I  Received frameCommittedCallback lastAttemptedDrawFrameNum=1 didProduceBuffer=true
2026-04-02 18:41:42.184  6910-6984  HWUI                    com.pixibeestudio.greenly            D  CFMS:: SetUp Pid : 6910    Tid : 6984
2026-04-02 18:41:42.185  6910-6910  VRI[MainAc...y]@d2a4ed7 com.pixibeestudio.greenly            D  reportDrawFinished seqId=0
2026-04-02 18:41:42.185  6910-6984  HWUI                    com.pixibeestudio.greenly            D  HWUI - treat SMPTE_170M as sRGB
2026-04-02 18:41:42.186  6910-6910  InsetsSourceConsumer    com.pixibeestudio.greenly            I  applyRequestedVisibilityToControl: visible=true, type=navigationBars, host=com.pixibeestudio.greenly/com.pixibeestudio.greenly.ui.activity.MainActivity
2026-04-02 18:41:42.186  6910-6910  InsetsSourceConsumer    com.pixibeestudio.greenly            I  applyRequestedVisibilityToControl: visible=true, type=statusBars, host=com.pixibeestudio.greenly/com.pixibeestudio.greenly.ui.activity.MainActivity
2026-04-02 18:41:42.196  6910-6910  ImeFocusController      com.pixibeestudio.greenly            I  onPreWindowFocus: skipped hasWindowFocus=false mHasImeFocus=true
2026-04-02 18:41:42.197  6910-6910  ImeFocusController      com.pixibeestudio.greenly            I  onPostWindowFocus: skipped hasWindowFocus=false mHasImeFocus=true
2026-04-02 18:41:42.204  1409-1409  SurfaceFlinger          surfaceflinger                       E  alpha changed 1.000 -> 0.000 - Surface(name=f964f04 com.pixibeestudio.greenly/com.pixibeestudio.greenly.ui.activity.MainActivity)/@0xe85eca5 - animation-leash of window_animation#110528
2026-04-02 18:41:42.204  1409-1409  SurfaceFlinger          surfaceflinger                       E  alpha changed 0.000 -> 0.000 - Surface(name=f964f04 com.pixibeestudio.greenly/com.pixibeestudio.greenly.ui.activity.MainActivity)/@0xe85eca5 - animation-leash of window_animation#110528
2026-04-02 18:41:42.221  1409-1409  SurfaceFlinger          surfaceflinger                       E  alpha changed 0.000 -> 0.083 - Surface(name=f964f04 com.pixibeestudio.greenly/com.pixibeestudio.greenly.ui.activity.MainActivity)/@0xe85eca5 - animation-leash of window_animation#110528
2026-04-02 18:41:42.230  6910-6910  VRI[MainAc...y]@d2a4ed7 com.pixibeestudio.greenly            D  mThreadedRenderer.initializeIfNeeded()#2 mSurface={isValid=true 0xb40000790abfae70}
2026-04-02 18:41:42.230  6910-6910  ImeFocusController      com.pixibeestudio.greenly            I  onPreWindowFocus: skipped hasWindowFocus=true mHasImeFocus=false
2026-04-02 18:41:42.230  6910-6910  ImeFocusController      com.pixibeestudio.greenly            I  onPostWindowFocus: skipped hasWindowFocus=true mHasImeFocus=false
2026-04-02 18:41:44.260  6910-6910  VRI[MainAc...y]@d2a4ed7 com.pixibeestudio.greenly            I  ViewPostIme pointer 0
2026-04-02 18:41:44.261  6910-6910  VRI[MainAc...y]@d2a4ed7 com.pixibeestudio.greenly            I  call setFrameRateCategory for touch hint category=high hint, reason=touch, vri=VRI[MainActivity]@d2a4ed7
2026-04-02 18:41:44.671  6910-6910  VRI[MainAc...y]@d2a4ed7 com.pixibeestudio.greenly            I  ViewPostIme pointer 1
2026-04-02 18:41:45.121  6910-6910  VRI[MainAc...y]@3beb08b com.pixibeestudio.greenly            I  call setFrameRateCategory for touch hint category=no preference, reason=boost timeout, vri=VRI[MainActivity]@3beb08b
