2026-03-30 03:03:30.327 15935-15935 Glide                   com.pixibeestudio.greenly            W  Load failed for [https://via.placeholder.com/150] with dimensions [450x394]
                                                                                                    class com.bumptech.glide.load.engine.GlideException: Failed to load resource
                                                                                                    There was 1 root cause:
                                                                                                    com.bumptech.glide.load.HttpException(Failed to connect or obtain data, status code: -1)
                                                                                                     call GlideException#logRootCauses(String) for more detail
                                                                                                      Cause (1 of 1): class com.bumptech.glide.load.engine.GlideException: Fetching data failed, class java.io.InputStream, REMOTE
                                                                                                    There was 1 root cause:
                                                                                                    com.bumptech.glide.load.HttpException(Failed to connect or obtain data, status code: -1)
                                                                                                     call GlideException#logRootCauses(String) for more detail
                                                                                                        Cause (1 of 1): class com.bumptech.glide.load.engine.GlideException: Fetch failed
                                                                                                    There was 1 root cause:
                                                                                                    com.bumptech.glide.load.HttpException(Failed to connect or obtain data, status code: -1)
                                                                                                     call GlideException#logRootCauses(String) for more detail
                                                                                                          Cause (1 of 1): class com.bumptech.glide.load.HttpException: Failed to connect or obtain data, status code: -1
2026-03-30 03:03:30.327 15935-15935 Glide                   com.pixibeestudio.greenly            I  Root cause (1 of 1)
2026-03-30 03:03:30.328 15935-15935 Glide                   com.pixibeestudio.greenly            W  Load failed for [https://via.placeholder.com/150] with dimensions [450x394]
                                                                                                    class com.bumptech.glide.load.engine.GlideException: Failed to load resource
                                                                                                    There was 1 root cause:
                                                                                                    com.bumptech.glide.load.HttpException(Failed to connect or obtain data, status code: -1)
                                                                                                     call GlideException#logRootCauses(String) for more detail
                                                                                                      Cause (1 of 1): class com.bumptech.glide.load.engine.GlideException: Fetching data failed, class java.io.InputStream, REMOTE
                                                                                                    There was 1 root cause:
                                                                                                    com.bumptech.glide.load.HttpException(Failed to connect or obtain data, status code: -1)
                                                                                                     call GlideException#logRootCauses(String) for more detail
                                                                                                        Cause (1 of 1): class com.bumptech.glide.load.engine.GlideException: Fetch failed
                                                                                                    There was 1 root cause:
                                                                                                    com.bumptech.glide.load.HttpException(Failed to connect or obtain data, status code: -1)
                                                                                                     call GlideException#logRootCauses(String) for more detail
                                                                                                          Cause (1 of 1): class com.bumptech.glide.load.HttpException: Failed to connect or obtain data, status code: -1
2026-03-30 03:03:30.328 15935-15935 Glide                   com.pixibeestudio.greenly            I  Root cause (1 of 1)
2026-03-30 03:03:31.653 15935-15940 estudio.greenly         com.pixibeestudio.greenly            W  Cleared Reference was only reachable from finalizer (only reported once)
2026-03-30 03:03:33.153 15935-16267 ProfileInstaller        com.pixibeestudio.greenly            D  Installing profile for com.pixibeestudio.greenly
2026-03-30 03:03:51.968 15935-15935 VRI[MainAc...y]@fae778e com.pixibeestudio.greenly            I  ViewPostIme pointer 0
2026-03-30 03:03:51.969 15935-15935 VRI[MainAc...y]@fae778e com.pixibeestudio.greenly            I  call setFrameRateCategory for touch hint category=high hint, reason=touch, vri=VRI[MainActivity]@fae778e
2026-03-30 03:03:52.024 15935-15935 VRI[MainAc...y]@fae778e com.pixibeestudio.greenly            I  ViewPostIme pointer 1
2026-03-30 03:03:52.045 15935-15935 NavController           com.pixibeestudio.greenly            I  Ignoring popBackStack to destination com.pixibeestudio.greenly:id/splashFragment as it was not found on the current back stack
2026-03-30 03:03:55.029 15935-15935 VRI[MainAc...y]@fae778e com.pixibeestudio.greenly            I  call setFrameRateCategory for touch hint category=no preference, reason=boost timeout, vri=VRI[MainActivity]@fae778e
2026-03-30 03:04:00.647 15935-15935 VRI[MainAc...y]@fae778e com.pixibeestudio.greenly            I  ViewPostIme pointer 0
2026-03-30 03:04:00.650 15935-15935 VRI[MainAc...y]@fae778e com.pixibeestudio.greenly            I  call setFrameRateCategory for touch hint category=high hint, reason=touch, vri=VRI[MainActivity]@fae778e
2026-03-30 03:04:00.700 15935-15935 Choreographer           com.pixibeestudio.greenly            W  Frame time is 0.061554 ms in the future!  Check that graphics HAL is generating vsync timestamps using the correct timebase.
2026-03-30 03:04:00.704 15935-15935 VRI[MainAc...y]@fae778e com.pixibeestudio.greenly            I  ViewPostIme pointer 1
2026-03-30 03:04:00.780 15935-15935 InputMethodManager      com.pixibeestudio.greenly            I  invalidateInput
2026-03-30 03:04:00.781 15935-15935 InputMethodManager      com.pixibeestudio.greenly            I  invalidateInput
2026-03-30 03:04:00.793 15935-15935 AutofillManager         com.pixibeestudio.greenly            D  view not autofillable - has multiline input type
2026-03-30 03:04:00.793 15935-15935 AutofillManager         com.pixibeestudio.greenly            D  view not autofillable - has multiline input type
2026-03-30 03:04:00.795 15935-15935 Dialog                  com.pixibeestudio.greenly            I  mIsDeviceDefault = false, mIsSamsungBasicInteraction = false, isMetaDataInActivity = false
2026-03-30 03:04:00.800 15935-15935 AutofillManager         com.pixibeestudio.greenly            D  view not autofillable - has multiline input type
2026-03-30 03:04:00.801 15935-15935 AutofillManager         com.pixibeestudio.greenly            D  view not autofillable - has multiline input type
2026-03-30 03:04:00.837 15935-15935 AutofillManager         com.pixibeestudio.greenly            D  view not autofillable - has multiline input type
2026-03-30 03:04:03.707 15935-15935 VRI[MainAc...y]@fae778e com.pixibeestudio.greenly            I  call setFrameRateCategory for touch hint category=no preference, reason=boost timeout, vri=VRI[MainActivity]@fae778e
2026-03-30 03:04:07.816 15935-15935 VRI[MainAc...y]@fae778e com.pixibeestudio.greenly            I  ViewPostIme pointer 0
2026-03-30 03:04:07.820 15935-15935 VRI[MainAc...y]@fae778e com.pixibeestudio.greenly            I  call setFrameRateCategory for touch hint category=high hint, reason=touch, vri=VRI[MainActivity]@fae778e
2026-03-30 03:04:08.125 15935-15935 VRI[MainAc...y]@fae778e com.pixibeestudio.greenly            I  ViewPostIme pointer 1
2026-03-30 03:04:11.130 15935-15935 VRI[MainAc...y]@fae778e com.pixibeestudio.greenly            I  call setFrameRateCategory for touch hint category=no preference, reason=boost timeout, vri=VRI[MainActivity]@fae778e
2026-03-30 03:04:12.445 15935-15935 VRI[MainAc...y]@fae778e com.pixibeestudio.greenly            I  ViewPostIme pointer 0
2026-03-30 03:04:12.450 15935-15935 VRI[MainAc...y]@fae778e com.pixibeestudio.greenly            I  call setFrameRateCategory for touch hint category=high hint, reason=touch, vri=VRI[MainActivity]@fae778e
2026-03-30 03:04:12.515 15935-15935 VRI[MainAc...y]@fae778e com.pixibeestudio.greenly            I  ViewPostIme pointer 1
2026-03-30 03:04:12.561 15935-15935 DecorView               com.pixibeestudio.greenly            I  setWindowBackground: isPopOver=false color=fff1f1f3 d=android.graphics.drawable.InsetDrawable@c2c13fe
2026-03-30 03:04:12.568 15935-15935 ScrollView              com.pixibeestudio.greenly            D  initGoToTop
2026-03-30 03:04:12.570 15935-15935 ScrollView              com.pixibeestudio.greenly            D  initGoToTop
2026-03-30 03:04:12.579 15935-15935 Settings                com.pixibeestudio.greenly            W  Setting show_button_background has moved from android.provider.Settings.System to android.provider.Settings.Global, returning read-only value.
2026-03-30 03:04:12.582 15935-15935 WindowManager           com.pixibeestudio.greenly            I  WindowManagerGlobal#addView, ty=2, view=com.android.internal.policy.DecorView{f1271ba V.E...... R.....I. 0,0-0,0}[MainActivity], caller=android.view.WindowManagerImpl.addView:158 android.app.Dialog.show:511 com.pixibeestudio.greenly.ui.fragment.CheckoutFragment.lambda$placeOrder$4$com-pixibeestudio-greenly-ui-fragment-CheckoutFragment:165 
2026-03-30 03:04:12.583 15935-15935 ViewRootImpl            com.pixibeestudio.greenly            I  dVRR is disabled
2026-03-30 03:04:12.583 15935-15952 NativeCust...ncyManager com.pixibeestudio.greenly            D  [NativeCFMS] BpCustomFrequencyManager::BpCustomFrequencyManager()
2026-03-30 03:04:12.590 15935-15935 InputTransport          com.pixibeestudio.greenly            D  Input channel constructed: '1b481b5', fd=153
2026-03-30 03:04:12.591 15935-15935 InsetsController        com.pixibeestudio.greenly            I  onStateChanged: host=com.pixibeestudio.greenly/com.pixibeestudio.greenly.ui.activity.MainActivity, from=android.view.ViewRootImpl.setView:1999, state=InsetsState: {mDisplayFrame=Rect(0, 0 - 1080, 2400), mDisplayCutout=DisplayCutout{insets=Rect(0, 75 - 0, 0) waterfall=Insets{left=0, top=0, right=0, bottom=0} boundingRect={Bounds=[Rect(0, 0 - 0, 0), Rect(512, 0 - 569, 75), Rect(0, 0 - 0, 0), Rect(0, 0 - 0, 0)]} cutoutPathParserInfo={CutoutPathParserInfo{displayWidth=1080 displayHeight=2400 physicalDisplayWidth=1080 physicalDisplayHeight=2400 density={2.8125} cutoutSpec={M 0, 0 H -10.13333333333333 V 26.66666666666667 H 10.13333333333333 V 0 H 0 Z @dp} rotation={0} scale={1.0} physicalPixelDisplaySizeRatio={1.0}}} sideOverrides={}}, mRoundedCorners=RoundedCorners{[RoundedCorner{position=TopLeft, radius=101, center=Point(101, 101)}, RoundedCorner{position=TopRight, radius=101, center=Point(979, 101)}, RoundedCorner{position=BottomRight, radius=101, center=Point(979, 2299)}, RoundedCorner{position=BottomLeft, radius=101, center=Point(101, 2299)}]}  mRoundedCornerFrame=Rect(0, 0 - 1080, 2400), mPrivacyIndicatorBounds=PrivacyIndicatorBounds {static bounds=Rect(956, 0 - 1080, 75) rotation=0}, mDisplayShape=DisplayShape{ spec=-311912193 displayWidth=1080 displayHeight=2400 physicalPixelDisplaySizeRatio=1.0 rotation=0 offsetX=0 offsetY=0 scale=1.0}, mSources= { InsetsSource: {f6b00000 mType=statusBars mFrame=[0,0][1080,75] mVisible=true mFlags= mSideHint=TOP mBoundingRects=null}, InsetsSource: {f6b00005 mType=mandatorySystemGestures mFrame=[0,0][1080,109] mVisible=true mFlags= mSideHint=TOP mBoundingRects=null}, InsetsSource: {f6b00006 mType=tappableElement mFrame=[0,0][1080,75] mVisible=true mFlags= mSideHint=TOP mBoundingRects=null}, InsetsSource: {27 mType=displayCutout mFrame=[0,0][1080,75] mVisible=true mFlags= mSideHint=TOP mBoundingRects=null}, InsetsSource: {1bea0001 mType=navigationBars mFrame=[0,2358][1080,2400] mVisible=true mFlags=SUPPRESS_SCRIM mSideHint=BOTTOM mBoundingRects=null}, InsetsSource: {1bea0004 mType=systemGestures mFrame=[0,0][84,2400] mVisible=true mFlags= mSideHint=LEFT mBoundingRects=null}, InsetsSource: {1bea0005 mType=mandatorySystemGestures mFrame=[0,2310][1080,2400] mVisible=true mFlags= mSideHint=BOTTOM mBoundingRects=null}, InsetsSource: {1bea0006 mType=tappableElement mFrame=[0,0][0,0] mVisible=true mFlags= mSideHint=NONE mBoundingRects=null}, InsetsSource: {1bea0024 mType=systemGestures mFrame=[996,0][1080,2400] mVisible=true mFlags= mSideHint=RIGHT mBoundingRects=null} }
2026-03-30 03:04:12.591 15935-15935 VRI[MainAc...y]@95d486b com.pixibeestudio.greenly            I  synced displayState. AttachInfo displayState=2
2026-03-30 03:04:12.591 15935-15935 VRI[MainAc...y]@95d486b com.pixibeestudio.greenly            I  setView = com.android.internal.policy.DecorView@f1271ba IsHRR=false TM=true
2026-03-30 03:04:12.600 15935-15935 InsetsSourceConsumer    com.pixibeestudio.greenly            I  applyRequestedVisibilityToControl: visible=true, type=navigationBars, host=com.pixibeestudio.greenly/com.pixibeestudio.greenly.ui.activity.MainActivity
2026-03-30 03:04:12.600 15935-15935 InsetsSourceConsumer    com.pixibeestudio.greenly            I  applyRequestedVisibilityToControl: visible=true, type=statusBars, host=com.pixibeestudio.greenly/com.pixibeestudio.greenly.ui.activity.MainActivity
2026-03-30 03:04:12.601 15935-15935 BLASTBufferQueue_Java   com.pixibeestudio.greenly            I  new BLASTBufferQueue, mName= VRI[MainActivity]@95d486b mNativeObject= 0xb40000794abe1490 sc.mNativeObject= 0xb40000784abd4d90 caller= android.view.ViewRootImpl.updateBlastSurfaceIfNeeded:3397 android.view.ViewRootImpl.relayoutWindow:11361 android.view.ViewRootImpl.performTraversals:4544 android.view.ViewRootImpl.doTraversal:3708 android.view.ViewRootImpl$TraversalRunnable.run:12542 android.view.Choreographer$CallbackRecord.run:1751 android.view.Choreographer$CallbackRecord.run:1760 android.view.Choreographer.doCallbacks:1216 android.view.Choreographer.doFrame:1142 android.view.Choreographer$FrameDisplayEventReceiver.run:1707 
2026-03-30 03:04:12.601 15935-15935 BLASTBufferQueue_Java   com.pixibeestudio.greenly            I  update, w= 1206 h= 507 mName = VRI[MainActivity]@95d486b mNativeObject= 0xb40000794abe1490 sc.mNativeObject= 0xb40000784abd4d90 format= -3 caller= android.graphics.BLASTBufferQueue.<init>:88 android.view.ViewRootImpl.updateBlastSurfaceIfNeeded:3397 android.view.ViewRootImpl.relayoutWindow:11361 android.view.ViewRootImpl.performTraversals:4544 android.view.ViewRootImpl.doTraversal:3708 android.view.ViewRootImpl$TraversalRunnable.run:12542 
2026-03-30 03:04:12.601 15935-15935 VRI[MainAc...y]@95d486b com.pixibeestudio.greenly            I  Relayout returned: old=(0,75,1080,2358) new=(27,1053,1053,1380) relayoutAsync=false req=(1026,327)0 dur=5 res=0x3 s={true 0xb40000790ac32410} ch=true seqId=0
2026-03-30 03:04:12.602 15935-15935 VRI[MainAc...y]@95d486b com.pixibeestudio.greenly            I  performConfigurationChange setNightDimText nightDimLevel=0
2026-03-30 03:04:12.602 15935-15935 VRI[MainAc...y]@95d486b com.pixibeestudio.greenly            D  mThreadedRenderer.initialize() mSurface={isValid=true 0xb40000790ac32410} hwInitialized=true
2026-03-30 03:04:12.603 15935-15935 VRI[MainAc...y]@95d486b com.pixibeestudio.greenly            D  reportNextDraw android.view.ViewRootImpl.performTraversals:5193 android.view.ViewRootImpl.doTraversal:3708 android.view.ViewRootImpl$TraversalRunnable.run:12542 android.view.Choreographer$CallbackRecord.run:1751 android.view.Choreographer$CallbackRecord.run:1760 
2026-03-30 03:04:12.603 15935-15935 VRI[MainAc...y]@95d486b com.pixibeestudio.greenly            D  Setup new sync=wmsSync-VRI[MainActivity]@95d486b#2
2026-03-30 03:04:12.603 15935-15935 VRI[MainAc...y]@95d486b com.pixibeestudio.greenly            I  Creating new active sync group VRI[MainActivity]@95d486b#3
2026-03-30 03:04:12.604 15935-15935 VRI[MainAc...y]@95d486b com.pixibeestudio.greenly            D  registerCallbacksForSync syncBuffer=false
2026-03-30 03:04:12.606 15935-15966 VRI[MainAc...y]@95d486b com.pixibeestudio.greenly            D  Received frameDrawingCallback syncResult=0 frameNum=1.
2026-03-30 03:04:12.606 15935-15966 VRI[MainAc...y]@95d486b com.pixibeestudio.greenly            I  mWNT: t=0xb40000778ac32590 mBlastBufferQueue=0xb40000794abe1490 fn= 1 HdrRenderState mRenderHdrSdrRatio=1.0 caller= android.view.ViewRootImpl$11.onFrameDraw:15016 android.view.ThreadedRenderer$1.onFrameDraw:761 <bottom of call stack> 
2026-03-30 03:04:12.606 15935-15966 VRI[MainAc...y]@95d486b com.pixibeestudio.greenly            I  Setting up sync and frameCommitCallback
2026-03-30 03:04:12.607 15935-15952 BLASTBufferQueue        com.pixibeestudio.greenly            I  [VRI[MainActivity]@95d486b#1](f:0,a:0,s:0) onFrameAvailable the first frame is available
2026-03-30 03:04:12.608 15935-15952 VRI[MainAc...y]@95d486b com.pixibeestudio.greenly            I  Received frameCommittedCallback lastAttemptedDrawFrameNum=1 didProduceBuffer=true
2026-03-30 03:04:12.609 15935-15952 HWUI                    com.pixibeestudio.greenly            D  CFMS:: SetUp Pid : 15935    Tid : 15952
2026-03-30 03:04:12.609 15935-15935 VRI[MainAc...y]@95d486b com.pixibeestudio.greenly            D  reportDrawFinished seqId=0
2026-03-30 03:04:12.614 15935-15952 HWUI                    com.pixibeestudio.greenly            D  HWUI - treat SMPTE_170M as sRGB
2026-03-30 03:04:12.626 15935-15935 ImeFocusController      com.pixibeestudio.greenly            I  onPreWindowFocus: skipped hasWindowFocus=false mHasImeFocus=true
2026-03-30 03:04:12.631 15935-15935 ImeFocusController      com.pixibeestudio.greenly            I  onPostWindowFocus: skipped hasWindowFocus=false mHasImeFocus=true
2026-03-30 03:04:12.636  1409-1409  SurfaceFlinger          surfaceflinger                       E  alpha changed 1.000 -> 0.000 - Surface(name=1b481b5 com.pixibeestudio.greenly/com.pixibeestudio.greenly.ui.activity.MainActivity)/@0xee0dea2 - animation-leash of window_animation#57994
2026-03-30 03:04:12.636  1409-1409  SurfaceFlinger          surfaceflinger                       E  alpha changed 0.000 -> 0.000 - Surface(name=1b481b5 com.pixibeestudio.greenly/com.pixibeestudio.greenly.ui.activity.MainActivity)/@0xee0dea2 - animation-leash of window_animation#57994
2026-03-30 03:04:12.653  1409-1409  SurfaceFlinger          surfaceflinger                       E  alpha changed 0.000 -> 0.083 - Surface(name=1b481b5 com.pixibeestudio.greenly/com.pixibeestudio.greenly.ui.activity.MainActivity)/@0xee0dea2 - animation-leash of window_animation#57994
2026-03-30 03:04:12.661 15935-15935 VRI[MainAc...y]@95d486b com.pixibeestudio.greenly            D  mThreadedRenderer.initializeIfNeeded()#2 mSurface={isValid=true 0xb40000790ac32410}
2026-03-30 03:04:12.661 15935-15935 ImeFocusController      com.pixibeestudio.greenly            I  onPreWindowFocus: skipped hasWindowFocus=true mHasImeFocus=false
2026-03-30 03:04:12.662 15935-15935 ImeFocusController      com.pixibeestudio.greenly            I  onPostWindowFocus: skipped hasWindowFocus=true mHasImeFocus=false
2026-03-30 03:04:12.986 15935-15935 WindowManager           com.pixibeestudio.greenly            I  WindowManagerGlobal#removeView, ty=2, view=com.android.internal.policy.DecorView{f1271ba V.E...... R....... 0,0-1026,327}[MainActivity], caller=android.view.WindowManagerGlobal.removeView:626 android.view.WindowManagerImpl.removeViewImmediate:216 android.app.Dialog.dismissDialog:808 
2026-03-30 03:04:12.986 15935-15935 WindowOnBackDispatcher  com.pixibeestudio.greenly            W  sendCancelIfRunning: isInProgress=false callback=android.app.Dialog$$ExternalSyntheticLambda4@9060047
2026-03-30 03:04:12.995 15935-15935 VRI[MainAc...y]@95d486b com.pixibeestudio.greenly            I  dispatchDetachedFromWindow
2026-03-30 03:04:13.004 15935-15935 InputTransport          com.pixibeestudio.greenly            D  Input channel destroyed: '1b481b5', fd=153
2026-03-30 03:04:13.012 15935-15935 Toast                   com.pixibeestudio.greenly            I  show: caller = com.pixibeestudio.greenly.ui.fragment.CheckoutFragment.lambda$placeOrder$4$com-pixibeestudio-greenly-ui-fragment-CheckoutFragment:177 
2026-03-30 03:04:13.014 15935-15935 Toast                   com.pixibeestudio.greenly            I  show: isDexDualMode = false
2026-03-30 03:04:13.014 15935-15935 Toast                   com.pixibeestudio.greenly            I  show: contextDispId = 0 mCustomDisplayId = -1 focusedDisplayId = 0 isActivityContext = true
2026-03-30 03:04:13.020 15935-15935 InsetsSourceConsumer    com.pixibeestudio.greenly            I  applyRequestedVisibilityToControl: visible=true, type=navigationBars, host=com.pixibeestudio.greenly/com.pixibeestudio.greenly.ui.activity.MainActivity
2026-03-30 03:04:13.021 15935-15935 InsetsSourceConsumer    com.pixibeestudio.greenly            I  applyRequestedVisibilityToControl: visible=true, type=statusBars, host=com.pixibeestudio.greenly/com.pixibeestudio.greenly.ui.activity.MainActivity
2026-03-30 03:04:13.043 15935-15935 VRI[MainAc...y]@fae778e com.pixibeestudio.greenly            D  mThreadedRenderer.initializeIfNeeded()#2 mSurface={isValid=true 0xb40000790abf6a50}
2026-03-30 03:04:13.047 15935-15935 InputMethodManagerUtils com.pixibeestudio.greenly            D  startInputInner - Id : 0
2026-03-30 03:04:13.047 15935-15935 InputMethodManager      com.pixibeestudio.greenly            I  startInputInner - IInputMethodManagerGlobalInvoker.startInputOrWindowGainedFocus
2026-03-30 03:04:13.048 15935-15965 InputTransport          com.pixibeestudio.greenly            D  Input channel constructed: 'ClientS', fd=145
2026-03-30 03:04:13.155  1760-1866  WindowManager           system_server                        E  win=Window{1b481b5 u0 com.pixibeestudio.greenly/com.pixibeestudio.greenly.ui.activity.MainActivity EXITING} destroySurfaces: appStopped=false cleanupOnResume=false win.mWindowRemovalAllowed=true win.mRemoveOnExit=true win.mViewVisibility=0 caller=com.android.server.wm.WindowState.onExitAnimationDone:222 com.android.server.wm.WindowState.onAnimationFinished:161 com.android.server.wm.WindowContainer$$ExternalSyntheticLambda5.onAnimationFinished:26 com.android.server.wm.SurfaceAnimator$$ExternalSyntheticLambda1.run:28 com.android.server.wm.SurfaceAnimator$$ExternalSyntheticLambda0.onAnimationFinished:65 com.android.server.wm.LocalAnimationAdapter$$ExternalSyntheticLambda0.run:10 android.os.Handler.handleCallback:959 
2026-03-30 03:04:13.170  1409-1409  SurfaceFlinger          surfaceflinger                       E  alpha changed 0.146 -> 0.000 - Surface(name=1b481b5 com.pixibeestudio.greenly/com.pixibeestudio.greenly.ui.activity.MainActivity)/@0xee0dea2 - animation-leash of window_animation#57996
2026-03-30 03:04:15.516 15935-15935 VRI[MainAc...y]@fae778e com.pixibeestudio.greenly            I  call setFrameRateCategory for touch hint category=no preference, reason=boost timeout, vri=VRI[MainActivity]@fae778e
2026-03-30 03:04:34.062 15935-15935 VRI[MainAc...y]@fae778e com.pixibeestudio.greenly            I  ViewPostIme pointer 0
2026-03-30 03:04:34.064 15935-15935 VRI[MainAc...y]@fae778e com.pixibeestudio.greenly            I  call setFrameRateCategory for touch hint category=high hint, reason=touch, vri=VRI[MainActivity]@fae778e
2026-03-30 03:04:34.090 15935-15935 VRI[MainAc...y]@fae778e com.pixibeestudio.greenly            I  ViewPostIme pointer 1
2026-03-30 03:04:34.099 15935-15935 WindowManager           com.pixibeestudio.greenly            I  WindowManagerGlobal#addView, ty=2, view=com.android.internal.policy.DecorView{f1271ba V.E...... R.....ID 0,0-1026,327}[MainActivity], caller=android.view.WindowManagerImpl.addView:158 android.app.Dialog.show:511 com.pixibeestudio.greenly.ui.fragment.CheckoutFragment.lambda$placeOrder$4$com-pixibeestudio-greenly-ui-fragment-CheckoutFragment:165 
2026-03-30 03:04:34.101 15935-15935 ViewRootImpl            com.pixibeestudio.greenly            I  dVRR is disabled
2026-03-30 03:04:34.101 15935-15952 NativeCust...ncyManager com.pixibeestudio.greenly            D  [NativeCFMS] BpCustomFrequencyManager::BpCustomFrequencyManager()
2026-03-30 03:04:34.117 15935-15935 InputTransport          com.pixibeestudio.greenly            D  Input channel constructed: '2935cec', fd=163
2026-03-30 03:04:34.118 15935-15935 InsetsController        com.pixibeestudio.greenly            I  onStateChanged: host=com.pixibeestudio.greenly/com.pixibeestudio.greenly.ui.activity.MainActivity, from=android.view.ViewRootImpl.setView:1999, state=InsetsState: {mDisplayFrame=Rect(0, 0 - 1080, 2400), mDisplayCutout=DisplayCutout{insets=Rect(0, 75 - 0, 0) waterfall=Insets{left=0, top=0, right=0, bottom=0} boundingRect={Bounds=[Rect(0, 0 - 0, 0), Rect(512, 0 - 569, 75), Rect(0, 0 - 0, 0), Rect(0, 0 - 0, 0)]} cutoutPathParserInfo={CutoutPathParserInfo{displayWidth=1080 displayHeight=2400 physicalDisplayWidth=1080 physicalDisplayHeight=2400 density={2.8125} cutoutSpec={M 0, 0 H -10.13333333333333 V 26.66666666666667 H 10.13333333333333 V 0 H 0 Z @dp} rotation={0} scale={1.0} physicalPixelDisplaySizeRatio={1.0}}} sideOverrides={}}, mRoundedCorners=RoundedCorners{[RoundedCorner{position=TopLeft, radius=101, center=Point(101, 101)}, RoundedCorner{position=TopRight, radius=101, center=Point(979, 101)}, RoundedCorner{position=BottomRight, radius=101, center=Point(979, 2299)}, RoundedCorner{position=BottomLeft, radius=101, center=Point(101, 2299)}]}  mRoundedCornerFrame=Rect(0, 0 - 1080, 2400), mPrivacyIndicatorBounds=PrivacyIndicatorBounds {static bounds=Rect(956, 0 - 1080, 75) rotation=0}, mDisplayShape=DisplayShape{ spec=-311912193 displayWidth=1080 displayHeight=2400 physicalPixelDisplaySizeRatio=1.0 rotation=0 offsetX=0 offsetY=0 scale=1.0}, mSources= { InsetsSource: {f6b00000 mType=statusBars mFrame=[0,0][1080,75] mVisible=true mFlags= mSideHint=TOP mBoundingRects=null}, InsetsSource: {f6b00005 mType=mandatorySystemGestures mFrame=[0,0][1080,109] mVisible=true mFlags= mSideHint=TOP mBoundingRects=null}, InsetsSource: {f6b00006 mType=tappableElement mFrame=[0,0][1080,75] mVisible=true mFlags= mSideHint=TOP mBoundingRects=null}, InsetsSource: {27 mType=displayCutout mFrame=[0,0][1080,75] mVisible=true mFlags= mSideHint=TOP mBoundingRects=null}, InsetsSource: {1bea0001 mType=navigationBars mFrame=[0,2358][1080,2400] mVisible=true mFlags=SUPPRESS_SCRIM mSideHint=BOTTOM mBoundingRects=null}, InsetsSource: {1bea0004 mType=systemGestures mFrame=[0,0][84,2400] mVisible=true mFlags= mSideHint=LEFT mBoundingRects=null}, InsetsSource: {1bea0005 mType=mandatorySystemGestures mFrame=[0,2310][1080,2400] mVisible=true mFlags= mSideHint=BOTTOM mBoundingRects=null}, InsetsSource: {1bea0006 mType=tappableElement mFrame=[0,0][0,0] mVisible=true mFlags= mSideHint=NONE mBoundingRects=null}, InsetsSource: {1bea0024 mType=systemGestures mFrame=[996,0][1080,2400] mVisible=true mFlags= mSideHint=RIGHT mBoundingRects=null} }
2026-03-30 03:04:34.118 15935-15935 VRI[MainAc...y]@d53a8e6 com.pixibeestudio.greenly            I  synced displayState. AttachInfo displayState=2
2026-03-30 03:04:34.118 15935-15935 VRI[MainAc...y]@d53a8e6 com.pixibeestudio.greenly            I  setView = com.android.internal.policy.DecorView@f1271ba IsHRR=false TM=true
2026-03-30 03:04:34.120 15935-15952 HWUI                    com.pixibeestudio.greenly            D  HWUI - treat SMPTE_170M as sRGB
2026-03-30 03:04:34.121 15935-15935 WindowOnBackDispatcher  com.pixibeestudio.greenly            W  sendCancelIfRunning: isInProgress=false callback=android.app.Dialog$$ExternalSyntheticLambda4@cba6b41
2026-03-30 03:04:34.143 15935-15935 InsetsSourceConsumer    com.pixibeestudio.greenly            I  applyRequestedVisibilityToControl: visible=true, type=navigationBars, host=com.pixibeestudio.greenly/com.pixibeestudio.greenly.ui.activity.MainActivity
2026-03-30 03:04:34.144 15935-15935 InsetsSourceConsumer    com.pixibeestudio.greenly            I  applyRequestedVisibilityToControl: visible=true, type=statusBars, host=com.pixibeestudio.greenly/com.pixibeestudio.greenly.ui.activity.MainActivity
2026-03-30 03:04:34.145 15935-15935 BLASTBufferQueue_Java   com.pixibeestudio.greenly            I  new BLASTBufferQueue, mName= VRI[MainActivity]@d53a8e6 mNativeObject= 0xb40000794abe0e50 sc.mNativeObject= 0xb40000784abd5b10 caller= android.view.ViewRootImpl.updateBlastSurfaceIfNeeded:3397 android.view.ViewRootImpl.relayoutWindow:11361 android.view.ViewRootImpl.performTraversals:4544 android.view.ViewRootImpl.doTraversal:3708 android.view.ViewRootImpl$TraversalRunnable.run:12542 android.view.Choreographer$CallbackRecord.run:1751 android.view.Choreographer$CallbackRecord.run:1760 android.view.Choreographer.doCallbacks:1216 android.view.Choreographer.doFrame:1142 android.view.Choreographer$FrameDisplayEventReceiver.run:1707 
2026-03-30 03:04:34.145 15935-15935 BLASTBufferQueue_Java   com.pixibeestudio.greenly            I  update, w= 1206 h= 507 mName = VRI[MainActivity]@d53a8e6 mNativeObject= 0xb40000794abe0e50 sc.mNativeObject= 0xb40000784abd5b10 format= -3 caller= android.graphics.BLASTBufferQueue.<init>:88 android.view.ViewRootImpl.updateBlastSurfaceIfNeeded:3397 android.view.ViewRootImpl.relayoutWindow:11361 android.view.ViewRootImpl.performTraversals:4544 android.view.ViewRootImpl.doTraversal:3708 android.view.ViewRootImpl$TraversalRunnable.run:12542 
2026-03-30 03:04:34.145 15935-15935 VRI[MainAc...y]@d53a8e6 com.pixibeestudio.greenly            I  Relayout returned: old=(0,75,1080,2358) new=(27,1053,1053,1380) relayoutAsync=false req=(1026,327)0 dur=19 res=0x3 s={true 0xb40000790ac4dee0} ch=true seqId=0
2026-03-30 03:04:34.145 15935-15935 VRI[MainAc...y]@d53a8e6 com.pixibeestudio.greenly            I  performConfigurationChange setNightDimText nightDimLevel=0
2026-03-30 03:04:34.146 15935-15935 VRI[MainAc...y]@d53a8e6 com.pixibeestudio.greenly            D  mThreadedRenderer.initialize() mSurface={isValid=true 0xb40000790ac4dee0} hwInitialized=true
2026-03-30 03:04:34.147 15935-15935 VRI[MainAc...y]@d53a8e6 com.pixibeestudio.greenly            D  reportNextDraw android.view.ViewRootImpl.performTraversals:5193 android.view.ViewRootImpl.doTraversal:3708 android.view.ViewRootImpl$TraversalRunnable.run:12542 android.view.Choreographer$CallbackRecord.run:1751 android.view.Choreographer$CallbackRecord.run:1760 
2026-03-30 03:04:34.147 15935-15935 VRI[MainAc...y]@d53a8e6 com.pixibeestudio.greenly            D  Setup new sync=wmsSync-VRI[MainActivity]@d53a8e6#4
2026-03-30 03:04:34.147 15935-15935 VRI[MainAc...y]@d53a8e6 com.pixibeestudio.greenly            I  Creating new active sync group VRI[MainActivity]@d53a8e6#5
2026-03-30 03:04:34.147 15935-15935 VRI[MainAc...y]@d53a8e6 com.pixibeestudio.greenly            D  registerCallbacksForSync syncBuffer=false
2026-03-30 03:04:34.148 15935-15967 VRI[MainAc...y]@d53a8e6 com.pixibeestudio.greenly            D  Received frameDrawingCallback syncResult=0 frameNum=1.
2026-03-30 03:04:34.148 15935-15967 VRI[MainAc...y]@d53a8e6 com.pixibeestudio.greenly            I  mWNT: t=0xb40000778ac29990 mBlastBufferQueue=0xb40000794abe0e50 fn= 1 HdrRenderState mRenderHdrSdrRatio=1.0 caller= android.view.ViewRootImpl$11.onFrameDraw:15016 android.view.ThreadedRenderer$1.onFrameDraw:761 <bottom of call stack> 
2026-03-30 03:04:34.148 15935-15967 VRI[MainAc...y]@d53a8e6 com.pixibeestudio.greenly            I  Setting up sync and frameCommitCallback
2026-03-30 03:04:34.149 15935-15952 BLASTBufferQueue        com.pixibeestudio.greenly            I  [VRI[MainActivity]@d53a8e6#2](f:0,a:0,s:0) onFrameAvailable the first frame is available
2026-03-30 03:04:34.150 15935-15952 VRI[MainAc...y]@d53a8e6 com.pixibeestudio.greenly            I  Received frameCommittedCallback lastAttemptedDrawFrameNum=1 didProduceBuffer=true
2026-03-30 03:04:34.151 15935-15952 HWUI                    com.pixibeestudio.greenly            D  CFMS:: SetUp Pid : 15935    Tid : 15952
2026-03-30 03:04:34.151 15935-15935 VRI[MainAc...y]@d53a8e6 com.pixibeestudio.greenly            D  reportDrawFinished seqId=0
2026-03-30 03:04:34.169  1409-1409  SurfaceFlinger          surfaceflinger                       E  alpha changed 1.000 -> 0.000 - Surface(name=2935cec com.pixibeestudio.greenly/com.pixibeestudio.greenly.ui.activity.MainActivity)/@0x5c0396d - animation-leash of window_animation#58008
2026-03-30 03:04:34.177 15935-15935 ImeFocusController      com.pixibeestudio.greenly            I  onPreWindowFocus: skipped hasWindowFocus=false mHasImeFocus=true
2026-03-30 03:04:34.182 15935-15935 ImeFocusController      com.pixibeestudio.greenly            I  onPostWindowFocus: skipped hasWindowFocus=false mHasImeFocus=true
2026-03-30 03:04:34.203  1409-1409  SurfaceFlinger          surfaceflinger                       E  alpha changed 0.000 -> 0.083 - Surface(name=2935cec com.pixibeestudio.greenly/com.pixibeestudio.greenly.ui.activity.MainActivity)/@0x5c0396d - animation-leash of window_animation#58008
2026-03-30 03:04:34.212 15935-15935 VRI[MainAc...y]@d53a8e6 com.pixibeestudio.greenly            D  mThreadedRenderer.initializeIfNeeded()#2 mSurface={isValid=true 0xb40000790ac4dee0}
2026-03-30 03:04:34.212 15935-15935 ImeFocusController      com.pixibeestudio.greenly            I  onPreWindowFocus: skipped hasWindowFocus=true mHasImeFocus=false
2026-03-30 03:04:34.213 15935-15935 ImeFocusController      com.pixibeestudio.greenly            I  onPostWindowFocus: skipped hasWindowFocus=true mHasImeFocus=false
2026-03-30 03:04:34.481 15935-15935 WindowManager           com.pixibeestudio.greenly            I  WindowManagerGlobal#removeView, ty=2, view=com.android.internal.policy.DecorView{f1271ba V.E...... R....... 0,0-1026,327}[MainActivity], caller=android.view.WindowManagerGlobal.removeView:626 android.view.WindowManagerImpl.removeViewImmediate:216 android.app.Dialog.dismissDialog:808 
2026-03-30 03:04:34.481 15935-15935 WindowOnBackDispatcher  com.pixibeestudio.greenly            W  sendCancelIfRunning: isInProgress=false callback=android.app.Dialog$$ExternalSyntheticLambda4@cba6b41
2026-03-30 03:04:34.484 15935-15935 VRI[MainAc...y]@d53a8e6 com.pixibeestudio.greenly            I  dispatchDetachedFromWindow
2026-03-30 03:04:34.496 15935-15935 InputTransport          com.pixibeestudio.greenly            D  Input channel destroyed: '2935cec', fd=163
2026-03-30 03:04:34.498 15935-15935 Toast                   com.pixibeestudio.greenly            I  show: caller = com.pixibeestudio.greenly.ui.fragment.CheckoutFragment.lambda$placeOrder$4$com-pixibeestudio-greenly-ui-fragment-CheckoutFragment:177 
2026-03-30 03:04:34.498 15935-15935 Toast                   com.pixibeestudio.greenly            I  show: isDexDualMode = false
2026-03-30 03:04:34.498 15935-15935 Toast                   com.pixibeestudio.greenly            I  show: contextDispId = 0 mCustomDisplayId = -1 focusedDisplayId = 0 isActivityContext = true
2026-03-30 03:04:34.506 15935-15935 InsetsSourceConsumer    com.pixibeestudio.greenly            I  applyRequestedVisibilityToControl: visible=true, type=navigationBars, host=com.pixibeestudio.greenly/com.pixibeestudio.greenly.ui.activity.MainActivity
2026-03-30 03:04:34.507 15935-15935 InsetsSourceConsumer    com.pixibeestudio.greenly            I  applyRequestedVisibilityToControl: visible=true, type=statusBars, host=com.pixibeestudio.greenly/com.pixibeestudio.greenly.ui.activity.MainActivity
2026-03-30 03:04:34.531 15935-15935 VRI[MainAc...y]@fae778e com.pixibeestudio.greenly            D  mThreadedRenderer.initializeIfNeeded()#2 mSurface={isValid=true 0xb40000790abf6a50}
2026-03-30 03:04:34.538 15935-15935 InputMethodManagerUtils com.pixibeestudio.greenly            D  startInputInner - Id : 0
2026-03-30 03:04:34.538 15935-15935 InputMethodManager      com.pixibeestudio.greenly            I  startInputInner - IInputMethodManagerGlobalInvoker.startInputOrWindowGainedFocus
2026-03-30 03:04:34.542 15935-15944 InputTransport          com.pixibeestudio.greenly            D  Input channel constructed: 'ClientS', fd=150
2026-03-30 03:04:34.655  1760-1866  WindowManager           system_server                        E  win=Window{2935cec u0 com.pixibeestudio.greenly/com.pixibeestudio.greenly.ui.activity.MainActivity EXITING} destroySurfaces: appStopped=false cleanupOnResume=false win.mWindowRemovalAllowed=true win.mRemoveOnExit=true win.mViewVisibility=0 caller=com.android.server.wm.WindowState.onExitAnimationDone:222 com.android.server.wm.WindowState.onAnimationFinished:161 com.android.server.wm.WindowContainer$$ExternalSyntheticLambda5.onAnimationFinished:26 com.android.server.wm.SurfaceAnimator$$ExternalSyntheticLambda1.run:28 com.android.server.wm.SurfaceAnimator$$ExternalSyntheticLambda0.onAnimationFinished:65 com.android.server.wm.LocalAnimationAdapter$$ExternalSyntheticLambda0.run:10 android.os.Handler.handleCallback:959 
2026-03-30 03:04:34.670  1409-1409  SurfaceFlinger          surfaceflinger                       E  alpha changed 0.146 -> 0.000 - Surface(name=2935cec com.pixibeestudio.greenly/com.pixibeestudio.greenly.ui.activity.MainActivity)/@0x5c0396d - animation-leash of window_animation#58010
2026-03-30 03:04:37.090 15935-15935 VRI[MainAc...y]@fae778e com.pixibeestudio.greenly            I  call setFrameRateCategory for touch hint category=no preference, reason=boost timeout, vri=VRI[MainActivity]@fae778e
2026-03-30 03:04:52.351 15935-15935 VRI[MainAc...y]@fae778e com.pixibeestudio.greenly            I  ViewPostIme pointer 0
2026-03-30 03:04:52.356 15935-15935 VRI[MainAc...y]@fae778e com.pixibeestudio.greenly            I  call setFrameRateCategory for touch hint category=high hint, reason=touch, vri=VRI[MainActivity]@fae778e
2026-03-30 03:04:52.411 15935-15935 VRI[MainAc...y]@fae778e com.pixibeestudio.greenly            I  ViewPostIme pointer 1
2026-03-30 03:04:52.414 15935-15935 WindowManager           com.pixibeestudio.greenly            I  WindowManagerGlobal#addView, ty=2, view=com.android.internal.policy.DecorView{f1271ba V.E...... R.....ID 0,0-1026,327}[MainActivity], caller=android.view.WindowManagerImpl.addView:158 android.app.Dialog.show:511 com.pixibeestudio.greenly.ui.fragment.CheckoutFragment.lambda$placeOrder$4$com-pixibeestudio-greenly-ui-fragment-CheckoutFragment:165 
2026-03-30 03:04:52.417 15935-15935 ViewRootImpl            com.pixibeestudio.greenly            I  dVRR is disabled
2026-03-30 03:04:52.417 15935-15952 NativeCust...ncyManager com.pixibeestudio.greenly            D  [NativeCFMS] BpCustomFrequencyManager::BpCustomFrequencyManager()
2026-03-30 03:04:52.431 15935-15935 InputTransport          com.pixibeestudio.greenly            D  Input channel constructed: '96caa3b', fd=170
2026-03-30 03:04:52.431 15935-15935 InsetsController        com.pixibeestudio.greenly            I  onStateChanged: host=com.pixibeestudio.greenly/com.pixibeestudio.greenly.ui.activity.MainActivity, from=android.view.ViewRootImpl.setView:1999, state=InsetsState: {mDisplayFrame=Rect(0, 0 - 1080, 2400), mDisplayCutout=DisplayCutout{insets=Rect(0, 75 - 0, 0) waterfall=Insets{left=0, top=0, right=0, bottom=0} boundingRect={Bounds=[Rect(0, 0 - 0, 0), Rect(512, 0 - 569, 75), Rect(0, 0 - 0, 0), Rect(0, 0 - 0, 0)]} cutoutPathParserInfo={CutoutPathParserInfo{displayWidth=1080 displayHeight=2400 physicalDisplayWidth=1080 physicalDisplayHeight=2400 density={2.8125} cutoutSpec={M 0, 0 H -10.13333333333333 V 26.66666666666667 H 10.13333333333333 V 0 H 0 Z @dp} rotation={0} scale={1.0} physicalPixelDisplaySizeRatio={1.0}}} sideOverrides={}}, mRoundedCorners=RoundedCorners{[RoundedCorner{position=TopLeft, radius=101, center=Point(101, 101)}, RoundedCorner{position=TopRight, radius=101, center=Point(979, 101)}, RoundedCorner{position=BottomRight, radius=101, center=Point(979, 2299)}, RoundedCorner{position=BottomLeft, radius=101, center=Point(101, 2299)}]}  mRoundedCornerFrame=Rect(0, 0 - 1080, 2400), mPrivacyIndicatorBounds=PrivacyIndicatorBounds {static bounds=Rect(956, 0 - 1080, 75) rotation=0}, mDisplayShape=DisplayShape{ spec=-311912193 displayWidth=1080 displayHeight=2400 physicalPixelDisplaySizeRatio=1.0 rotation=0 offsetX=0 offsetY=0 scale=1.0}, mSources= { InsetsSource: {f6b00000 mType=statusBars mFrame=[0,0][1080,75] mVisible=true mFlags= mSideHint=TOP mBoundingRects=null}, InsetsSource: {f6b00005 mType=mandatorySystemGestures mFrame=[0,0][1080,109] mVisible=true mFlags= mSideHint=TOP mBoundingRects=null}, InsetsSource: {f6b00006 mType=tappableElement mFrame=[0,0][1080,75] mVisible=true mFlags= mSideHint=TOP mBoundingRects=null}, InsetsSource: {27 mType=displayCutout mFrame=[0,0][1080,75] mVisible=true mFlags= mSideHint=TOP mBoundingRects=null}, InsetsSource: {1bea0001 mType=navigationBars mFrame=[0,2358][1080,2400] mVisible=true mFlags=SUPPRESS_SCRIM mSideHint=BOTTOM mBoundingRects=null}, InsetsSource: {1bea0004 mType=systemGestures mFrame=[0,0][84,2400] mVisible=true mFlags= mSideHint=LEFT mBoundingRects=null}, InsetsSource: {1bea0005 mType=mandatorySystemGestures mFrame=[0,2310][1080,2400] mVisible=true mFlags= mSideHint=BOTTOM mBoundingRects=null}, InsetsSource: {1bea0006 mType=tappableElement mFrame=[0,0][0,0] mVisible=true mFlags= mSideHint=NONE mBoundingRects=null}, InsetsSource: {1bea0024 mType=systemGestures mFrame=[996,0][1080,2400] mVisible=true mFlags= mSideHint=RIGHT mBoundingRects=null} }
2026-03-30 03:04:52.435 15935-15935 VRI[MainAc...y]@4cafced com.pixibeestudio.greenly            I  synced displayState. AttachInfo displayState=2
2026-03-30 03:04:52.437 15935-15935 VRI[MainAc...y]@4cafced com.pixibeestudio.greenly            I  setView = com.android.internal.policy.DecorView@f1271ba IsHRR=false TM=true
2026-03-30 03:04:52.439 15935-15935 WindowOnBackDispatcher  com.pixibeestudio.greenly            W  sendCancelIfRunning: isInProgress=false callback=android.app.Dialog$$ExternalSyntheticLambda4@3ffff04
2026-03-30 03:04:52.447 15935-15935 InsetsSourceConsumer    com.pixibeestudio.greenly            I  applyRequestedVisibilityToControl: visible=true, type=navigationBars, host=com.pixibeestudio.greenly/com.pixibeestudio.greenly.ui.activity.MainActivity
2026-03-30 03:04:52.447 15935-15935 InsetsSourceConsumer    com.pixibeestudio.greenly            I  applyRequestedVisibilityToControl: visible=true, type=statusBars, host=com.pixibeestudio.greenly/com.pixibeestudio.greenly.ui.activity.MainActivity
2026-03-30 03:04:52.448 15935-15935 BLASTBufferQueue_Java   com.pixibeestudio.greenly            I  new BLASTBufferQueue, mName= VRI[MainActivity]@4cafced mNativeObject= 0xb40000794abe17b0 sc.mNativeObject= 0xb40000784abd0110 caller= android.view.ViewRootImpl.updateBlastSurfaceIfNeeded:3397 android.view.ViewRootImpl.relayoutWindow:11361 android.view.ViewRootImpl.performTraversals:4544 android.view.ViewRootImpl.doTraversal:3708 android.view.ViewRootImpl$TraversalRunnable.run:12542 android.view.Choreographer$CallbackRecord.run:1751 android.view.Choreographer$CallbackRecord.run:1760 android.view.Choreographer.doCallbacks:1216 android.view.Choreographer.doFrame:1142 android.view.Choreographer$FrameDisplayEventReceiver.run:1707 
2026-03-30 03:04:52.448 15935-15935 BLASTBufferQueue_Java   com.pixibeestudio.greenly            I  update, w= 1206 h= 507 mName = VRI[MainActivity]@4cafced mNativeObject= 0xb40000794abe17b0 sc.mNativeObject= 0xb40000784abd0110 format= -3 caller= android.graphics.BLASTBufferQueue.<init>:88 android.view.ViewRootImpl.updateBlastSurfaceIfNeeded:3397 android.view.ViewRootImpl.relayoutWindow:11361 android.view.ViewRootImpl.performTraversals:4544 android.view.ViewRootImpl.doTraversal:3708 android.view.ViewRootImpl$TraversalRunnable.run:12542 
2026-03-30 03:04:52.448 15935-15935 VRI[MainAc...y]@4cafced com.pixibeestudio.greenly            I  Relayout returned: old=(0,75,1080,2358) new=(27,1053,1053,1380) relayoutAsync=false req=(1026,327)0 dur=5 res=0x3 s={true 0xb40000790ac3f070} ch=true seqId=0
2026-03-30 03:04:52.449 15935-15935 VRI[MainAc...y]@4cafced com.pixibeestudio.greenly            I  performConfigurationChange setNightDimText nightDimLevel=0
2026-03-30 03:04:52.449 15935-15935 VRI[MainAc...y]@4cafced com.pixibeestudio.greenly            D  mThreadedRenderer.initialize() mSurface={isValid=true 0xb40000790ac3f070} hwInitialized=true
2026-03-30 03:04:52.451 15935-15935 VRI[MainAc...y]@4cafced com.pixibeestudio.greenly            D  reportNextDraw android.view.ViewRootImpl.performTraversals:5193 android.view.ViewRootImpl.doTraversal:3708 android.view.ViewRootImpl$TraversalRunnable.run:12542 android.view.Choreographer$CallbackRecord.run:1751 android.view.Choreographer$CallbackRecord.run:1760 
2026-03-30 03:04:52.451 15935-15935 VRI[MainAc...y]@4cafced com.pixibeestudio.greenly            D  Setup new sync=wmsSync-VRI[MainActivity]@4cafced#6
2026-03-30 03:04:52.451 15935-15935 VRI[MainAc...y]@4cafced com.pixibeestudio.greenly            I  Creating new active sync group VRI[MainActivity]@4cafced#7
2026-03-30 03:04:52.454 15935-15935 VRI[MainAc...y]@4cafced com.pixibeestudio.greenly            D  registerCallbacksForSync syncBuffer=false
2026-03-30 03:04:52.457 15935-15966 VRI[MainAc...y]@4cafced com.pixibeestudio.greenly            D  Received frameDrawingCallback syncResult=0 frameNum=1.
2026-03-30 03:04:52.458 15935-15966 VRI[MainAc...y]@4cafced com.pixibeestudio.greenly            I  mWNT: t=0xb40000778ac6be10 mBlastBufferQueue=0xb40000794abe17b0 fn= 1 HdrRenderState mRenderHdrSdrRatio=1.0 caller= android.view.ViewRootImpl$11.onFrameDraw:15016 android.view.ThreadedRenderer$1.onFrameDraw:761 <bottom of call stack> 
2026-03-30 03:04:52.458 15935-15966 VRI[MainAc...y]@4cafced com.pixibeestudio.greenly            I  Setting up sync and frameCommitCallback
2026-03-30 03:04:52.458 15935-15952 BLASTBufferQueue        com.pixibeestudio.greenly            I  [VRI[MainActivity]@4cafced#3](f:0,a:0,s:0) onFrameAvailable the first frame is available
2026-03-30 03:04:52.459 15935-15952 VRI[MainAc...y]@4cafced com.pixibeestudio.greenly            I  Received frameCommittedCallback lastAttemptedDrawFrameNum=1 didProduceBuffer=true
2026-03-30 03:04:52.459 15935-15952 HWUI                    com.pixibeestudio.greenly            D  CFMS:: SetUp Pid : 15935    Tid : 15952
2026-03-30 03:04:52.460 15935-15935 VRI[MainAc...y]@4cafced com.pixibeestudio.greenly            D  reportDrawFinished seqId=0
2026-03-30 03:04:52.461 15935-15952 HWUI                    com.pixibeestudio.greenly            D  HWUI - treat SMPTE_170M as sRGB
2026-03-30 03:04:52.473 15935-15935 ImeFocusController      com.pixibeestudio.greenly            I  onPreWindowFocus: skipped hasWindowFocus=false mHasImeFocus=true
2026-03-30 03:04:52.478 15935-15935 ImeFocusController      com.pixibeestudio.greenly            I  onPostWindowFocus: skipped hasWindowFocus=false mHasImeFocus=true
2026-03-30 03:04:52.482  1409-1409  SurfaceFlinger          surfaceflinger                       E  alpha changed 1.000 -> 0.000 - Surface(name=96caa3b com.pixibeestudio.greenly/com.pixibeestudio.greenly.ui.activity.MainActivity)/@0xa76c770 - animation-leash of window_animation#58022
2026-03-30 03:04:52.515  1409-1409  SurfaceFlinger          surfaceflinger                       E  alpha changed 0.000 -> 0.083 - Surface(name=96caa3b com.pixibeestudio.greenly/com.pixibeestudio.greenly.ui.activity.MainActivity)/@0xa76c770 - animation-leash of window_animation#58022
2026-03-30 03:04:52.522 15935-15935 VRI[MainAc...y]@4cafced com.pixibeestudio.greenly            D  mThreadedRenderer.initializeIfNeeded()#2 mSurface={isValid=true 0xb40000790ac3f070}
2026-03-30 03:04:52.522 15935-15935 ImeFocusController      com.pixibeestudio.greenly            I  onPreWindowFocus: skipped hasWindowFocus=true mHasImeFocus=false
2026-03-30 03:04:52.523 15935-15935 ImeFocusController      com.pixibeestudio.greenly            I  onPostWindowFocus: skipped hasWindowFocus=true mHasImeFocus=false
2026-03-30 03:04:52.945 15935-15935 WindowManager           com.pixibeestudio.greenly            I  WindowManagerGlobal#removeView, ty=2, view=com.android.internal.policy.DecorView{f1271ba V.E...... R....... 0,0-1026,327}[MainActivity], caller=android.view.WindowManagerGlobal.removeView:626 android.view.WindowManagerImpl.removeViewImmediate:216 android.app.Dialog.dismissDialog:808 
2026-03-30 03:04:52.945 15935-15935 WindowOnBackDispatcher  com.pixibeestudio.greenly            W  sendCancelIfRunning: isInProgress=false callback=android.app.Dialog$$ExternalSyntheticLambda4@3ffff04
2026-03-30 03:04:52.947 15935-15935 VRI[MainAc...y]@4cafced com.pixibeestudio.greenly            I  dispatchDetachedFromWindow
2026-03-30 03:04:52.960 15935-15935 InputTransport          com.pixibeestudio.greenly            D  Input channel destroyed: '96caa3b', fd=170
